2022-04-30 18:00:10,300:DEBUG:Starting new HTTPS connection (1): datos.cultura.gob.ar:443
2022-04-30 18:00:11,430:DEBUG:https://datos.cultura.gob.ar:443 "GET /dataset/37305de4-3cce-4d4b-9d9a-fec3ca61d09f/resource/4207def0-2ff7-41d5-9095-d42ae8207a5d/download/museos_datosabiertos.csv HTTP/1.1" 200 304431
2022-04-30 18:00:11,826:DEBUG:Starting new HTTPS connection (1): datos.cultura.gob.ar:443
2022-04-30 18:00:13,466:DEBUG:https://datos.cultura.gob.ar:443 "GET /dataset/37305de4-3cce-4d4b-9d9a-fec3ca61d09f/resource/392ce1a8-ef11-4776-b280-6f1c7fae16ae/download/cine.csv HTTP/1.1" 200 96427
2022-04-30 18:00:13,645:DEBUG:Starting new HTTPS connection (1): datos.cultura.gob.ar:443
2022-04-30 18:00:14,704:DEBUG:https://datos.cultura.gob.ar:443 "GET /dataset/37305de4-3cce-4d4b-9d9a-fec3ca61d09f/resource/01c6c048-dbeb-44e0-8efa-6944f73715d7/download/biblioteca_popular.csv HTTP/1.1" 200 None
2022-04-30 18:00:15,254:DEBUG:Los datos fueron recolectados con éxito
2022-04-30 18:00:15,323:DEBUG:La conexión al servidor fue exitosa
2022-04-30 18:00:15,323:DEBUG:Engine(postgresql://postgres:***@localhost/alkemydb)
2022-04-30 18:00:15,358:DEBUG:Tablas creadas exitosamente
2022-04-30 18:00:15,376:DEBUG:La tabla cines fue subido con éxito a la base de datos alkemydb
2022-04-30 18:00:15,451:DEBUG:La tabla datos_bibliotecas fue subido con éxito a la base de datos alkemydb
2022-04-30 18:00:15,514:DEBUG:La tabla datos_museos fue subido con éxito a la base de datos alkemydb
2022-04-30 18:00:15,543:DEBUG:La tabla datos_cines fue subido con éxito a la base de datos alkemydb
2022-04-30 18:00:15,567:DEBUG:La tabla datos_general fue subido con éxito a la base de datos alkemydb
2022-04-30 18:01:32,759:DEBUG:Starting new HTTPS connection (1): datos.cultura.gob.ar:443
2022-04-30 18:01:34,393:DEBUG:https://datos.cultura.gob.ar:443 "GET /dataset/37305de4-3cce-4d4b-9d9a-fec3ca61d09f/resource/4207def0-2ff7-41d5-9095-d42ae8207a5d/download/museos_datosabiertos.csv HTTP/1.1" 200 304431
2022-04-30 18:01:34,902:DEBUG:Starting new HTTPS connection (1): datos.cultura.gob.ar:443
2022-04-30 18:01:36,520:DEBUG:https://datos.cultura.gob.ar:443 "GET /dataset/37305de4-3cce-4d4b-9d9a-fec3ca61d09f/resource/392ce1a8-ef11-4776-b280-6f1c7fae16ae/download/cine.csv HTTP/1.1" 200 96427
2022-04-30 18:01:36,702:DEBUG:Starting new HTTPS connection (1): datos.cultura.gob.ar:443
2022-04-30 18:01:38,315:DEBUG:https://datos.cultura.gob.ar:443 "GET /dataset/37305de4-3cce-4d4b-9d9a-fec3ca61d09f/resource/01c6c048-dbeb-44e0-8efa-6944f73715d7/download/biblioteca_popular.csv HTTP/1.1" 200 511527
2022-04-30 18:01:38,955:DEBUG:Los datos fueron recolectados con éxito
2022-04-30 18:01:39,021:DEBUG:La conexión al servidor fue exitosa
2022-04-30 18:01:39,021:DEBUG:Engine(postgresql://postgres:***@localhost/alkemydb)
2022-04-30 18:01:39,056:DEBUG:Tablas creadas exitosamente
2022-04-30 18:01:39,075:DEBUG:La tabla cines fue subido con éxito a la base de datos alkemydb
2022-04-30 18:01:39,154:DEBUG:La tabla datos_bibliotecas fue subido con éxito a la base de datos alkemydb
2022-04-30 18:01:39,215:DEBUG:La tabla datos_museos fue subido con éxito a la base de datos alkemydb
2022-04-30 18:01:39,238:DEBUG:La tabla datos_cines fue subido con éxito a la base de datos alkemydb
2022-04-30 18:01:39,255:DEBUG:La tabla datos_general fue subido con éxito a la base de datos alkemydb
2022-04-30 18:04:24,913:DEBUG:Starting new HTTPS connection (1): datos.cultura.gob.ar:443
2022-04-30 18:04:26,536:DEBUG:https://datos.cultura.gob.ar:443 "GET /dataset/37305de4-3cce-4d4b-9d9a-fec3ca61d09f/resource/4207def0-2ff7-41d5-9095-d42ae8207a5d/download/museos_datosabiertos.csv HTTP/1.1" 200 304431
2022-04-30 18:04:27,024:DEBUG:Starting new HTTPS connection (1): datos.cultura.gob.ar:443
2022-04-30 18:04:28,631:DEBUG:https://datos.cultura.gob.ar:443 "GET /dataset/37305de4-3cce-4d4b-9d9a-fec3ca61d09f/resource/392ce1a8-ef11-4776-b280-6f1c7fae16ae/download/cine.csv HTTP/1.1" 200 96427
2022-04-30 18:04:28,846:DEBUG:Starting new HTTPS connection (1): datos.cultura.gob.ar:443
2022-04-30 18:04:30,456:DEBUG:https://datos.cultura.gob.ar:443 "GET /dataset/37305de4-3cce-4d4b-9d9a-fec3ca61d09f/resource/01c6c048-dbeb-44e0-8efa-6944f73715d7/download/biblioteca_popular.csv HTTP/1.1" 200 None
2022-04-30 18:04:31,027:DEBUG:Los datos fueron recolectados con éxito
2022-04-30 18:04:31,091:DEBUG:La conexión al servidor fue exitosa
2022-04-30 18:04:31,091:DEBUG:Engine(postgresql://postgres:***@localhost/alkemydb)
2022-04-30 18:04:31,130:DEBUG:Tablas creadas exitosamente
2022-04-30 18:04:31,149:DEBUG:La tabla cines fue subido con éxito a la base de datos alkemydb
2022-04-30 18:04:31,228:DEBUG:La tabla datos_bibliotecas fue subido con éxito a la base de datos alkemydb
2022-04-30 18:04:31,278:DEBUG:La tabla datos_museos fue subido con éxito a la base de datos alkemydb
2022-04-30 18:04:31,302:DEBUG:La tabla datos_cines fue subido con éxito a la base de datos alkemydb
2022-04-30 18:04:31,320:DEBUG:La tabla datos_general fue subido con éxito a la base de datos alkemydb
2022-04-30 18:04:46,770:DEBUG:Starting new HTTPS connection (1): datos.cultura.gob.ar:443
2022-04-30 18:04:48,387:DEBUG:https://datos.cultura.gob.ar:443 "GET /dataset/37305de4-3cce-4d4b-9d9a-fec3ca61d09f/resource/4207def0-2ff7-41d5-9095-d42ae8207a5d/download/museos_datosabiertos.csv HTTP/1.1" 200 304431
2022-04-30 18:04:48,901:DEBUG:Starting new HTTPS connection (1): datos.cultura.gob.ar:443
2022-04-30 18:04:50,511:DEBUG:https://datos.cultura.gob.ar:443 "GET /dataset/37305de4-3cce-4d4b-9d9a-fec3ca61d09f/resource/392ce1a8-ef11-4776-b280-6f1c7fae16ae/download/cine.csv HTTP/1.1" 200 96427
2022-04-30 18:04:50,691:DEBUG:Starting new HTTPS connection (1): datos.cultura.gob.ar:443
2022-04-30 18:04:51,799:DEBUG:https://datos.cultura.gob.ar:443 "GET /dataset/37305de4-3cce-4d4b-9d9a-fec3ca61d09f/resource/01c6c048-dbeb-44e0-8efa-6944f73715d7/download/biblioteca_popular.csv HTTP/1.1" 200 None
2022-04-30 18:04:52,341:DEBUG:Los datos fueron recolectados con éxito
2022-04-30 18:04:52,405:DEBUG:La conexión al servidor fue exitosa
2022-04-30 18:04:52,405:DEBUG:Engine(postgresql://postgres:***@localhost/alkemydb)
2022-04-30 18:04:52,438:DEBUG:Tablas creadas exitosamente
2022-04-30 18:04:52,460:DEBUG:La tabla cines fue subido con éxito a la base de datos alkemydb
2022-04-30 18:04:52,537:DEBUG:La tabla datos_bibliotecas fue subido con éxito a la base de datos alkemydb
2022-04-30 18:04:52,582:DEBUG:La tabla datos_museos fue subido con éxito a la base de datos alkemydb
2022-04-30 18:04:52,608:DEBUG:La tabla datos_cines fue subido con éxito a la base de datos alkemydb
2022-04-30 18:04:52,627:DEBUG:La tabla datos_general fue subido con éxito a la base de datos alkemydb
2022-04-30 18:04:57,868:DEBUG:Starting new HTTPS connection (1): datos.cultura.gob.ar:443
2022-04-30 18:04:59,458:DEBUG:https://datos.cultura.gob.ar:443 "GET /dataset/37305de4-3cce-4d4b-9d9a-fec3ca61d09f/resource/4207def0-2ff7-41d5-9095-d42ae8207a5d/download/museos_datosabiertos.csv HTTP/1.1" 200 None
2022-04-30 18:04:59,903:DEBUG:Starting new HTTPS connection (1): datos.cultura.gob.ar:443
2022-04-30 18:05:01,018:DEBUG:https://datos.cultura.gob.ar:443 "GET /dataset/37305de4-3cce-4d4b-9d9a-fec3ca61d09f/resource/392ce1a8-ef11-4776-b280-6f1c7fae16ae/download/cine.csv HTTP/1.1" 200 96427
2022-04-30 18:05:01,181:DEBUG:Starting new HTTPS connection (1): datos.cultura.gob.ar:443
2022-04-30 18:05:02,799:DEBUG:https://datos.cultura.gob.ar:443 "GET /dataset/37305de4-3cce-4d4b-9d9a-fec3ca61d09f/resource/01c6c048-dbeb-44e0-8efa-6944f73715d7/download/biblioteca_popular.csv HTTP/1.1" 200 None
2022-04-30 18:05:03,375:DEBUG:Los datos fueron recolectados con éxito
2022-04-30 18:05:03,439:DEBUG:La conexión al servidor fue exitosa
2022-04-30 18:05:03,439:DEBUG:Engine(postgresql://postgres:***@localhost/alkemydb)
2022-04-30 18:05:03,490:DEBUG:Tablas creadas exitosamente
2022-04-30 18:05:03,510:DEBUG:La tabla cines fue subido con éxito a la base de datos alkemydb
2022-04-30 18:05:03,587:DEBUG:La tabla datos_bibliotecas fue subido con éxito a la base de datos alkemydb
2022-04-30 18:05:03,636:DEBUG:La tabla datos_museos fue subido con éxito a la base de datos alkemydb
2022-04-30 18:05:03,665:DEBUG:La tabla datos_cines fue subido con éxito a la base de datos alkemydb
2022-04-30 18:05:03,678:DEBUG:La tabla datos_general fue subido con éxito a la base de datos alkemydb
2022-04-30 18:05:47,844:DEBUG:Starting new HTTPS connection (1): datos.cultura.gob.ar:443
2022-04-30 18:05:49,448:DEBUG:https://datos.cultura.gob.ar:443 "GET /dataset/37305de4-3cce-4d4b-9d9a-fec3ca61d09f/resource/4207def0-2ff7-41d5-9095-d42ae8207a5d/download/museos_datosabiertos.csv HTTP/1.1" 200 None
2022-04-30 18:05:49,927:DEBUG:Starting new HTTPS connection (1): datos.cultura.gob.ar:443
2022-04-30 18:05:51,005:DEBUG:https://datos.cultura.gob.ar:443 "GET /dataset/37305de4-3cce-4d4b-9d9a-fec3ca61d09f/resource/392ce1a8-ef11-4776-b280-6f1c7fae16ae/download/cine.csv HTTP/1.1" 200 96427
2022-04-30 18:05:51,176:DEBUG:Starting new HTTPS connection (1): datos.cultura.gob.ar:443
2022-04-30 18:05:52,270:DEBUG:https://datos.cultura.gob.ar:443 "GET /dataset/37305de4-3cce-4d4b-9d9a-fec3ca61d09f/resource/01c6c048-dbeb-44e0-8efa-6944f73715d7/download/biblioteca_popular.csv HTTP/1.1" 200 None
2022-04-30 18:05:52,800:DEBUG:Los datos fueron recolectados con éxito
2022-04-30 18:05:52,864:DEBUG:La conexión al servidor fue exitosa
2022-04-30 18:05:52,864:DEBUG:Engine(postgresql://postgres:***@localhost/alkemydb)
2022-04-30 18:05:52,900:DEBUG:Tablas creadas exitosamente
2022-04-30 18:05:52,917:DEBUG:La tabla cines fue subido con éxito a la base de datos alkemydb
2022-04-30 18:05:52,995:DEBUG:La tabla datos_bibliotecas fue subido con éxito a la base de datos alkemydb
2022-04-30 18:05:53,043:DEBUG:La tabla datos_museos fue subido con éxito a la base de datos alkemydb
2022-04-30 18:05:53,069:DEBUG:La tabla datos_cines fue subido con éxito a la base de datos alkemydb
2022-04-30 18:05:53,086:DEBUG:La tabla datos_general fue subido con éxito a la base de datos alkemydb
2022-04-30 18:05:59,849:DEBUG:Starting new HTTPS connection (1): datos.cultura.gob.ar:443
2022-04-30 18:06:01,470:DEBUG:https://datos.cultura.gob.ar:443 "GET /dataset/37305de4-3cce-4d4b-9d9a-fec3ca61d09f/resource/4207def0-2ff7-41d5-9095-d42ae8207a5d/download/museos_datosabiertos.csv HTTP/1.1" 200 304431
2022-04-30 18:06:02,076:DEBUG:Starting new HTTPS connection (1): datos.cultura.gob.ar:443
2022-04-30 18:06:03,683:DEBUG:https://datos.cultura.gob.ar:443 "GET /dataset/37305de4-3cce-4d4b-9d9a-fec3ca61d09f/resource/392ce1a8-ef11-4776-b280-6f1c7fae16ae/download/cine.csv HTTP/1.1" 200 96427
2022-04-30 18:06:03,880:DEBUG:Starting new HTTPS connection (1): datos.cultura.gob.ar:443
2022-04-30 18:06:05,046:DEBUG:https://datos.cultura.gob.ar:443 "GET /dataset/37305de4-3cce-4d4b-9d9a-fec3ca61d09f/resource/01c6c048-dbeb-44e0-8efa-6944f73715d7/download/biblioteca_popular.csv HTTP/1.1" 200 None
2022-04-30 18:06:05,678:DEBUG:Los datos fueron recolectados con éxito
2022-04-30 18:06:05,742:DEBUG:La conexión al servidor fue exitosa
2022-04-30 18:06:05,742:DEBUG:Engine(postgresql://postgres:***@localhost/alkemydb)
2022-04-30 18:06:05,781:DEBUG:Tablas creadas exitosamente
2022-04-30 18:06:05,799:DEBUG:La tabla cines fue subido con éxito a la base de datos alkemydb
2022-04-30 18:06:05,873:DEBUG:La tabla datos_bibliotecas fue subido con éxito a la base de datos alkemydb
2022-04-30 18:06:05,922:DEBUG:La tabla datos_museos fue subido con éxito a la base de datos alkemydb
2022-04-30 18:06:05,949:DEBUG:La tabla datos_cines fue subido con éxito a la base de datos alkemydb
2022-04-30 18:06:05,972:DEBUG:La tabla datos_general fue subido con éxito a la base de datos alkemydb
2022-04-30 18:07:21,709:DEBUG:Starting new HTTPS connection (1): datos.cultura.gob.ar:443
2022-04-30 18:07:23,519:DEBUG:https://datos.cultura.gob.ar:443 "GET /dataset/37305de4-3cce-4d4b-9d9a-fec3ca61d09f/resource/4207def0-2ff7-41d5-9095-d42ae8207a5d/download/museos_datosabiertos.csv HTTP/1.1" 200 None
2022-04-30 18:07:23,976:DEBUG:Starting new HTTPS connection (1): datos.cultura.gob.ar:443
2022-04-30 18:07:25,553:DEBUG:https://datos.cultura.gob.ar:443 "GET /dataset/37305de4-3cce-4d4b-9d9a-fec3ca61d09f/resource/392ce1a8-ef11-4776-b280-6f1c7fae16ae/download/cine.csv HTTP/1.1" 200 96427
2022-04-30 18:07:25,726:DEBUG:Starting new HTTPS connection (1): datos.cultura.gob.ar:443
2022-04-30 18:07:27,347:DEBUG:https://datos.cultura.gob.ar:443 "GET /dataset/37305de4-3cce-4d4b-9d9a-fec3ca61d09f/resource/01c6c048-dbeb-44e0-8efa-6944f73715d7/download/biblioteca_popular.csv HTTP/1.1" 200 511527
2022-04-30 18:07:27,998:DEBUG:Los datos fueron recolectados con éxito
2022-04-30 18:07:28,062:DEBUG:La conexión al servidor fue exitosa
2022-04-30 18:07:28,062:DEBUG:Engine(postgresql://postgres:***@localhost/alkemydb)
2022-04-30 18:07:28,091:DEBUG:Tablas creadas exitosamente
2022-04-30 18:07:28,108:DEBUG:La tabla cines fue subido con éxito a la base de datos alkemydb
2022-04-30 18:07:28,181:DEBUG:La tabla datos_bibliotecas fue subido con éxito a la base de datos alkemydb
2022-04-30 18:07:28,225:DEBUG:La tabla datos_museos fue subido con éxito a la base de datos alkemydb
2022-04-30 18:07:28,248:DEBUG:La tabla datos_cines fue subido con éxito a la base de datos alkemydb
2022-04-30 18:07:28,260:DEBUG:La tabla datos_general fue subido con éxito a la base de datos alkemydb
2022-04-30 19:02:45,855:DEBUG:Starting new HTTPS connection (1): datos.cultura.gob.ar:443
2022-04-30 19:02:47,471:DEBUG:https://datos.cultura.gob.ar:443 "GET /dataset/37305de4-3cce-4d4b-9d9a-fec3ca61d09f/resource/4207def0-2ff7-41d5-9095-d42ae8207a5d/download/museos_datosabiertos.csv HTTP/1.1" 200 None
2022-04-30 19:02:47,979:DEBUG:Starting new HTTPS connection (1): datos.cultura.gob.ar:443
2022-04-30 19:02:49,569:DEBUG:https://datos.cultura.gob.ar:443 "GET /dataset/37305de4-3cce-4d4b-9d9a-fec3ca61d09f/resource/392ce1a8-ef11-4776-b280-6f1c7fae16ae/download/cine.csv HTTP/1.1" 200 96427
2022-04-30 19:02:49,771:DEBUG:Starting new HTTPS connection (1): datos.cultura.gob.ar:443
2022-04-30 19:02:51,378:DEBUG:https://datos.cultura.gob.ar:443 "GET /dataset/37305de4-3cce-4d4b-9d9a-fec3ca61d09f/resource/01c6c048-dbeb-44e0-8efa-6944f73715d7/download/biblioteca_popular.csv HTTP/1.1" 200 None
2022-04-30 19:02:52,074:DEBUG:Los datos fueron recolectados con éxito
2022-04-30 19:02:52,138:DEBUG:La conexión al servidor fue exitosa
2022-04-30 19:02:52,138:DEBUG:Engine(postgresql://postgres:***@localhost/alkemydb)
2022-04-30 19:02:52,183:DEBUG:Tablas creadas exitosamente
2022-04-30 19:02:52,210:DEBUG:La tabla cines fue subido con éxito a la base de datos alkemydb
2022-04-30 19:02:52,287:DEBUG:La tabla datos_bibliotecas fue subido con éxito a la base de datos alkemydb
2022-04-30 19:02:52,332:DEBUG:La tabla datos_museos fue subido con éxito a la base de datos alkemydb
2022-04-30 19:02:52,355:DEBUG:La tabla datos_cines fue subido con éxito a la base de datos alkemydb
2022-04-30 19:02:52,367:DEBUG:La tabla datos_general fue subido con éxito a la base de datos alkemydb
2022-04-30 19:14:01,687:DEBUG:Starting new HTTPS connection (1): datos.cultura.gob.ar:443
2022-04-30 19:14:03,348:DEBUG:https://datos.cultura.gob.ar:443 "GET /dataset/37305de4-3cce-4d4b-9d9a-fec3ca61d09f/resource/4207def0-2ff7-41d5-9095-d42ae8207a5d/download/museos_datosabiertos.csv HTTP/1.1" 200 304431
2022-04-30 19:14:03,853:DEBUG:Starting new HTTPS connection (1): datos.cultura.gob.ar:443
2022-04-30 19:14:05,458:DEBUG:https://datos.cultura.gob.ar:443 "GET /dataset/37305de4-3cce-4d4b-9d9a-fec3ca61d09f/resource/392ce1a8-ef11-4776-b280-6f1c7fae16ae/download/cine.csv HTTP/1.1" 200 None
2022-04-30 19:14:05,701:DEBUG:Starting new HTTPS connection (1): datos.cultura.gob.ar:443
2022-04-30 19:14:07,302:DEBUG:https://datos.cultura.gob.ar:443 "GET /dataset/37305de4-3cce-4d4b-9d9a-fec3ca61d09f/resource/01c6c048-dbeb-44e0-8efa-6944f73715d7/download/biblioteca_popular.csv HTTP/1.1" 200 511527
2022-04-30 19:14:07,940:DEBUG:Los datos fueron recolectados con éxito
2022-04-30 19:14:08,004:DEBUG:La conexión al servidor fue exitosa
2022-04-30 19:14:08,004:DEBUG:Engine(postgresql://postgres:***@localhost/alkemydb)
2022-04-30 19:14:08,049:DEBUG:Tablas creadas exitosamente
2022-04-30 19:14:08,072:DEBUG:La tabla cines fue subido con éxito a la base de datos alkemydb
2022-04-30 19:14:08,147:DEBUG:La tabla datos_bibliotecas fue subido con éxito a la base de datos alkemydb
2022-04-30 19:14:08,191:DEBUG:La tabla datos_museos fue subido con éxito a la base de datos alkemydb
2022-04-30 19:14:08,214:DEBUG:La tabla datos_cines fue subido con éxito a la base de datos alkemydb
2022-04-30 19:14:08,227:DEBUG:La tabla datos_general fue subido con éxito a la base de datos alkemydb
2022-04-30 19:14:27,712:DEBUG:Starting new HTTPS connection (1): datos.cultura.gob.ar:443
2022-04-30 19:14:28,795:DEBUG:https://datos.cultura.gob.ar:443 "GET /dataset/37305de4-3cce-4d4b-9d9a-fec3ca61d09f/resource/4207def0-2ff7-41d5-9095-d42ae8207a5d/download/museos_datosabiertos.csv HTTP/1.1" 200 None
2022-04-30 19:14:29,282:DEBUG:Starting new HTTPS connection (1): datos.cultura.gob.ar:443
2022-04-30 19:14:30,862:DEBUG:https://datos.cultura.gob.ar:443 "GET /dataset/37305de4-3cce-4d4b-9d9a-fec3ca61d09f/resource/392ce1a8-ef11-4776-b280-6f1c7fae16ae/download/cine.csv HTTP/1.1" 200 96427
2022-04-30 19:14:31,045:DEBUG:Starting new HTTPS connection (1): datos.cultura.gob.ar:443
2022-04-30 19:14:32,002:DEBUG:https://datos.cultura.gob.ar:443 "GET /dataset/37305de4-3cce-4d4b-9d9a-fec3ca61d09f/resource/01c6c048-dbeb-44e0-8efa-6944f73715d7/download/biblioteca_popular.csv HTTP/1.1" 200 None
2022-04-30 19:14:32,776:DEBUG:Los datos fueron recolectados con éxito
2022-04-30 19:14:32,855:DEBUG:La conexión al servidor fue exitosa
2022-04-30 19:14:32,855:DEBUG:Engine(postgresql://postgres:***@localhost/alkemydb)
2022-04-30 19:14:33,027:DEBUG:Tablas creadas exitosamente
2022-04-30 19:14:33,058:DEBUG:La tabla cines fue subido con éxito a la base de datos alkemydb
2022-04-30 19:14:33,163:DEBUG:La tabla datos_bibliotecas fue subido con éxito a la base de datos alkemydb
2022-04-30 19:14:33,230:DEBUG:La tabla datos_museos fue subido con éxito a la base de datos alkemydb
2022-04-30 19:14:33,319:DEBUG:La tabla datos_cines fue subido con éxito a la base de datos alkemydb
2022-04-30 19:14:33,346:DEBUG:La tabla datos_general fue subido con éxito a la base de datos alkemydb
2022-04-30 19:18:20,487:DEBUG:Starting new HTTPS connection (1): datos.cultura.gob.ar:443
2022-04-30 19:18:22,122:DEBUG:https://datos.cultura.gob.ar:443 "GET /dataset/37305de4-3cce-4d4b-9d9a-fec3ca61d09f/resource/4207def0-2ff7-41d5-9095-d42ae8207a5d/download/museos_datosabiertos.csv HTTP/1.1" 200 304431
2022-04-30 19:18:22,622:DEBUG:Starting new HTTPS connection (1): datos.cultura.gob.ar:443
2022-04-30 19:18:24,227:DEBUG:https://datos.cultura.gob.ar:443 "GET /dataset/37305de4-3cce-4d4b-9d9a-fec3ca61d09f/resource/392ce1a8-ef11-4776-b280-6f1c7fae16ae/download/cine.csv HTTP/1.1" 200 96427
2022-04-30 19:18:24,398:DEBUG:Starting new HTTPS connection (1): datos.cultura.gob.ar:443
2022-04-30 19:18:25,985:DEBUG:https://datos.cultura.gob.ar:443 "GET /dataset/37305de4-3cce-4d4b-9d9a-fec3ca61d09f/resource/01c6c048-dbeb-44e0-8efa-6944f73715d7/download/biblioteca_popular.csv HTTP/1.1" 200 511527
2022-04-30 19:18:26,553:DEBUG:Los datos fueron recolectados con éxito
2022-04-30 19:19:04,868:DEBUG:Starting new HTTPS connection (1): datos.cultura.gob.ar:443
2022-04-30 19:19:06,522:DEBUG:https://datos.cultura.gob.ar:443 "GET /dataset/37305de4-3cce-4d4b-9d9a-fec3ca61d09f/resource/4207def0-2ff7-41d5-9095-d42ae8207a5d/download/museos_datosabiertos.csv HTTP/1.1" 200 304431
2022-04-30 19:19:06,904:DEBUG:Starting new HTTPS connection (1): datos.cultura.gob.ar:443
2022-04-30 19:19:08,507:DEBUG:https://datos.cultura.gob.ar:443 "GET /dataset/37305de4-3cce-4d4b-9d9a-fec3ca61d09f/resource/392ce1a8-ef11-4776-b280-6f1c7fae16ae/download/cine.csv HTTP/1.1" 200 96427
2022-04-30 19:19:08,683:DEBUG:Starting new HTTPS connection (1): datos.cultura.gob.ar:443
2022-04-30 19:19:10,482:DEBUG:https://datos.cultura.gob.ar:443 "GET /dataset/37305de4-3cce-4d4b-9d9a-fec3ca61d09f/resource/01c6c048-dbeb-44e0-8efa-6944f73715d7/download/biblioteca_popular.csv HTTP/1.1" 200 None
2022-04-30 19:19:11,100:DEBUG:Los datos fueron recolectados con éxito
2022-04-30 19:19:11,164:DEBUG:La conexión al servidor fue exitosa
2022-04-30 19:19:11,164:DEBUG:Engine(postgresql://postgres:***@localhost/alkemydb)
2022-04-30 19:19:11,202:DEBUG:Tablas creadas exitosamente
2022-04-30 19:19:11,221:DEBUG:La tabla cines fue subido con éxito a la base de datos alkemydb
2022-04-30 19:19:11,299:DEBUG:La tabla datos_bibliotecas fue subido con éxito a la base de datos alkemydb
2022-04-30 19:19:11,345:DEBUG:La tabla datos_museos fue subido con éxito a la base de datos alkemydb
2022-04-30 19:19:11,376:DEBUG:La tabla datos_cines fue subido con éxito a la base de datos alkemydb
2022-04-30 19:19:11,390:DEBUG:La tabla datos_general fue subido con éxito a la base de datos alkemydb
2022-04-30 19:19:59,776:DEBUG:Starting new HTTPS connection (1): datos.cultura.gob.ar:443
2022-04-30 19:20:00,880:DEBUG:https://datos.cultura.gob.ar:443 "GET /dataset/37305de4-3cce-4d4b-9d9a-fec3ca61d09f/resource/4207def0-2ff7-41d5-9095-d42ae8207a5d/download/museos_datosabiertos.csv HTTP/1.1" 200 304431
2022-04-30 19:20:01,279:DEBUG:Starting new HTTPS connection (1): datos.cultura.gob.ar:443
2022-04-30 19:20:02,859:DEBUG:https://datos.cultura.gob.ar:443 "GET /dataset/37305de4-3cce-4d4b-9d9a-fec3ca61d09f/resource/392ce1a8-ef11-4776-b280-6f1c7fae16ae/download/cine.csv HTTP/1.1" 200 96427
2022-04-30 19:20:03,116:DEBUG:Starting new HTTPS connection (1): datos.cultura.gob.ar:443
2022-04-30 19:20:04,066:DEBUG:https://datos.cultura.gob.ar:443 "GET /dataset/37305de4-3cce-4d4b-9d9a-fec3ca61d09f/resource/01c6c048-dbeb-44e0-8efa-6944f73715d7/download/biblioteca_popular.csv HTTP/1.1" 200 None
2022-04-30 19:20:05,096:DEBUG:Los datos fueron recolectados con éxito
2022-04-30 19:20:05,165:DEBUG:La conexión al servidor fue exitosa
2022-04-30 19:20:05,165:DEBUG:Engine(postgresql://postgres:***@localhost/alkemydb)
2022-04-30 19:20:05,199:DEBUG:Tablas creadas exitosamente
2022-04-30 19:20:05,217:DEBUG:La tabla cines fue subido con éxito a la base de datos alkemydb
2022-04-30 19:20:05,292:DEBUG:La tabla datos_bibliotecas fue subido con éxito a la base de datos alkemydb
2022-04-30 19:20:05,341:DEBUG:La tabla datos_museos fue subido con éxito a la base de datos alkemydb
2022-04-30 19:20:05,373:DEBUG:La tabla datos_cines fue subido con éxito a la base de datos alkemydb
2022-04-30 19:20:05,390:DEBUG:La tabla datos_general fue subido con éxito a la base de datos alkemydb
2022-04-30 19:20:59,667:DEBUG:Starting new HTTPS connection (1): datos.cultura.gob.ar:443
2022-04-30 19:21:01,307:DEBUG:https://datos.cultura.gob.ar:443 "GET /dataset/37305de4-3cce-4d4b-9d9a-fec3ca61d09f/resource/4207def0-2ff7-41d5-9095-d42ae8207a5d/download/museos_datosabiertos.csv HTTP/1.1" 200 304431
2022-04-30 19:21:01,816:DEBUG:Starting new HTTPS connection (1): datos.cultura.gob.ar:443
2022-04-30 19:21:03,419:DEBUG:https://datos.cultura.gob.ar:443 "GET /dataset/37305de4-3cce-4d4b-9d9a-fec3ca61d09f/resource/392ce1a8-ef11-4776-b280-6f1c7fae16ae/download/cine.csv HTTP/1.1" 200 96427
2022-04-30 19:21:03,600:DEBUG:Starting new HTTPS connection (1): datos.cultura.gob.ar:443
2022-04-30 19:21:05,169:DEBUG:https://datos.cultura.gob.ar:443 "GET /dataset/37305de4-3cce-4d4b-9d9a-fec3ca61d09f/resource/01c6c048-dbeb-44e0-8efa-6944f73715d7/download/biblioteca_popular.csv HTTP/1.1" 200 None
2022-04-30 19:21:05,833:DEBUG:Los datos fueron recolectados con éxito
2022-04-30 19:21:05,901:DEBUG:La conexión al servidor fue exitosa
2022-04-30 19:21:05,901:DEBUG:Engine(postgresql://postgres:***@localhost/alkemydb)
2022-04-30 19:21:05,937:DEBUG:Tablas creadas exitosamente
2022-04-30 19:21:05,958:DEBUG:La tabla cines fue subido con éxito a la base de datos alkemydb
2022-04-30 19:21:06,033:DEBUG:La tabla datos_bibliotecas fue subido con éxito a la base de datos alkemydb
2022-04-30 19:21:06,082:DEBUG:La tabla datos_museos fue subido con éxito a la base de datos alkemydb
2022-04-30 19:21:06,110:DEBUG:La tabla datos_cines fue subido con éxito a la base de datos alkemydb
2022-04-30 19:21:06,126:DEBUG:La tabla datos_general fue subido con éxito a la base de datos alkemydb
2022-04-30 19:21:50,175:DEBUG:Starting new HTTPS connection (1): datos.cultura.gob.ar:443
2022-04-30 19:21:51,673:DEBUG:https://datos.cultura.gob.ar:443 "GET /dataset/37305de4-3cce-4d4b-9d9a-fec3ca61d09f/resource/4207def0-2ff7-41d5-9095-d42ae8207a5d/download/museos_datosabiertos.csv HTTP/1.1" 200 None
2022-04-30 19:21:52,269:DEBUG:Starting new HTTPS connection (1): datos.cultura.gob.ar:443
2022-04-30 19:21:53,362:DEBUG:https://datos.cultura.gob.ar:443 "GET /dataset/37305de4-3cce-4d4b-9d9a-fec3ca61d09f/resource/392ce1a8-ef11-4776-b280-6f1c7fae16ae/download/cine.csv HTTP/1.1" 200 96427
2022-04-30 19:21:53,538:DEBUG:Starting new HTTPS connection (1): datos.cultura.gob.ar:443
2022-04-30 19:21:54,638:DEBUG:https://datos.cultura.gob.ar:443 "GET /dataset/37305de4-3cce-4d4b-9d9a-fec3ca61d09f/resource/01c6c048-dbeb-44e0-8efa-6944f73715d7/download/biblioteca_popular.csv HTTP/1.1" 200 511527
2022-04-30 19:21:55,192:DEBUG:Los datos fueron recolectados con éxito
2022-04-30 19:21:55,260:DEBUG:La conexión al servidor fue exitosa
2022-04-30 19:21:55,261:DEBUG:Engine(postgresql://postgres:***@localhost/alkemydb)
2022-04-30 19:21:55,289:DEBUG:Tablas creadas exitosamente
2022-04-30 19:21:55,307:DEBUG:La tabla cines fue subido con éxito a la base de datos alkemydb
2022-04-30 19:21:55,381:DEBUG:La tabla datos_bibliotecas fue subido con éxito a la base de datos alkemydb
2022-04-30 19:21:55,426:DEBUG:La tabla datos_museos fue subido con éxito a la base de datos alkemydb
2022-04-30 19:21:55,463:DEBUG:La tabla datos_cines fue subido con éxito a la base de datos alkemydb
2022-04-30 19:21:55,484:DEBUG:La tabla datos_general fue subido con éxito a la base de datos alkemydb
2022-04-30 19:22:38,211:DEBUG:Starting new HTTPS connection (1): datos.cultura.gob.ar:443
2022-04-30 19:22:39,333:DEBUG:https://datos.cultura.gob.ar:443 "GET /dataset/37305de4-3cce-4d4b-9d9a-fec3ca61d09f/resource/4207def0-2ff7-41d5-9095-d42ae8207a5d/download/museos_datosabiertos.csv HTTP/1.1" 200 304431
2022-04-30 19:22:39,827:DEBUG:Starting new HTTPS connection (1): datos.cultura.gob.ar:443
2022-04-30 19:22:40,904:DEBUG:https://datos.cultura.gob.ar:443 "GET /dataset/37305de4-3cce-4d4b-9d9a-fec3ca61d09f/resource/392ce1a8-ef11-4776-b280-6f1c7fae16ae/download/cine.csv HTTP/1.1" 200 96427
2022-04-30 19:22:41,101:DEBUG:Starting new HTTPS connection (1): datos.cultura.gob.ar:443
2022-04-30 19:22:42,698:DEBUG:https://datos.cultura.gob.ar:443 "GET /dataset/37305de4-3cce-4d4b-9d9a-fec3ca61d09f/resource/01c6c048-dbeb-44e0-8efa-6944f73715d7/download/biblioteca_popular.csv HTTP/1.1" 200 None
2022-04-30 19:22:43,300:DEBUG:Los datos fueron recolectados con éxito
2022-04-30 19:22:43,383:DEBUG:La conexión al servidor fue exitosa
2022-04-30 19:22:43,383:DEBUG:Engine(postgresql://postgres:***@localhost/alkemydb)
2022-04-30 19:22:43,485:DEBUG:Tablas creadas exitosamente
2022-04-30 19:22:43,519:DEBUG:La tabla cines fue subido con éxito a la base de datos alkemydb
2022-04-30 19:22:43,628:DEBUG:La tabla datos_bibliotecas fue subido con éxito a la base de datos alkemydb
2022-04-30 19:22:43,710:DEBUG:La tabla datos_museos fue subido con éxito a la base de datos alkemydb
2022-04-30 19:22:43,790:DEBUG:La tabla datos_cines fue subido con éxito a la base de datos alkemydb
2022-04-30 19:22:43,847:DEBUG:La tabla datos_general fue subido con éxito a la base de datos alkemydb
2022-04-30 19:25:02,432:DEBUG:Starting new HTTPS connection (1): datos.cultura.gob.ar:443
2022-04-30 19:25:04,159:DEBUG:https://datos.cultura.gob.ar:443 "GET /dataset/37305de4-3cce-4d4b-9d9a-fec3ca61d09f/resource/4207def0-2ff7-41d5-9095-d42ae8207a5d/download/museos_datosabiertos.csv HTTP/1.1" 200 304431
2022-04-30 19:25:04,625:DEBUG:Starting new HTTPS connection (1): datos.cultura.gob.ar:443
2022-04-30 19:25:06,249:DEBUG:https://datos.cultura.gob.ar:443 "GET /dataset/37305de4-3cce-4d4b-9d9a-fec3ca61d09f/resource/392ce1a8-ef11-4776-b280-6f1c7fae16ae/download/cine.csv HTTP/1.1" 200 96427
2022-04-30 19:25:06,438:DEBUG:Starting new HTTPS connection (1): datos.cultura.gob.ar:443
2022-04-30 19:25:08,044:DEBUG:https://datos.cultura.gob.ar:443 "GET /dataset/37305de4-3cce-4d4b-9d9a-fec3ca61d09f/resource/01c6c048-dbeb-44e0-8efa-6944f73715d7/download/biblioteca_popular.csv HTTP/1.1" 200 511527
2022-04-30 19:25:08,802:DEBUG:Los datos fueron recolectados con éxito
2022-04-30 19:25:08,887:DEBUG:La conexión al servidor fue exitosa
2022-04-30 19:25:08,887:DEBUG:Engine(postgresql://postgres:***@localhost/alkemydb)
2022-04-30 19:25:08,916:DEBUG:Tablas creadas exitosamente
2022-04-30 19:25:08,938:DEBUG:La tabla cines fue subido con éxito a la base de datos alkemydb
2022-04-30 19:25:09,012:DEBUG:La tabla datos_bibliotecas fue subido con éxito a la base de datos alkemydb
2022-04-30 19:25:09,059:DEBUG:La tabla datos_museos fue subido con éxito a la base de datos alkemydb
2022-04-30 19:25:09,108:DEBUG:La tabla datos_cines fue subido con éxito a la base de datos alkemydb
2022-04-30 19:25:09,125:DEBUG:La tabla datos_general fue subido con éxito a la base de datos alkemydb
2022-04-30 19:25:29,498:DEBUG:Starting new HTTPS connection (1): datos.cultura.gob.ar:443
2022-04-30 19:25:30,570:DEBUG:https://datos.cultura.gob.ar:443 "GET /dataset/37305de4-3cce-4d4b-9d9a-fec3ca61d09f/resource/4207def0-2ff7-41d5-9095-d42ae8207a5d/download/museos_datosabiertos.csv HTTP/1.1" 200 None
2022-04-30 19:25:30,989:DEBUG:Starting new HTTPS connection (1): datos.cultura.gob.ar:443
2022-04-30 19:25:32,579:DEBUG:https://datos.cultura.gob.ar:443 "GET /dataset/37305de4-3cce-4d4b-9d9a-fec3ca61d09f/resource/392ce1a8-ef11-4776-b280-6f1c7fae16ae/download/cine.csv HTTP/1.1" 200 96427
2022-04-30 19:25:32,751:DEBUG:Starting new HTTPS connection (1): datos.cultura.gob.ar:443
2022-04-30 19:25:34,205:DEBUG:https://datos.cultura.gob.ar:443 "GET /dataset/37305de4-3cce-4d4b-9d9a-fec3ca61d09f/resource/01c6c048-dbeb-44e0-8efa-6944f73715d7/download/biblioteca_popular.csv HTTP/1.1" 200 None
2022-04-30 19:25:34,940:DEBUG:Los datos fueron recolectados con éxito
2022-04-30 19:25:35,021:DEBUG:La conexión al servidor fue exitosa
2022-04-30 19:25:35,021:DEBUG:Engine(postgresql://postgres:***@localhost/alkemydb)
2022-04-30 19:25:35,049:DEBUG:Tablas creadas exitosamente
2022-04-30 19:25:35,067:DEBUG:La tabla cines fue subido con éxito a la base de datos alkemydb
2022-04-30 19:25:35,152:DEBUG:La tabla datos_bibliotecas fue subido con éxito a la base de datos alkemydb
2022-04-30 19:25:35,335:DEBUG:La tabla datos_museos fue subido con éxito a la base de datos alkemydb
2022-04-30 19:25:35,451:DEBUG:La tabla datos_cines fue subido con éxito a la base de datos alkemydb
2022-04-30 19:25:35,655:DEBUG:La tabla datos_general fue subido con éxito a la base de datos alkemydb
2022-04-30 19:26:40,194:DEBUG:Starting new HTTPS connection (1): datos.cultura.gob.ar:443
2022-04-30 19:26:41,792:DEBUG:https://datos.cultura.gob.ar:443 "GET /dataset/37305de4-3cce-4d4b-9d9a-fec3ca61d09f/resource/4207def0-2ff7-41d5-9095-d42ae8207a5d/download/museos_datosabiertos.csv HTTP/1.1" 200 304431
2022-04-30 19:26:42,282:DEBUG:Starting new HTTPS connection (1): datos.cultura.gob.ar:443
2022-04-30 19:26:43,914:DEBUG:https://datos.cultura.gob.ar:443 "GET /dataset/37305de4-3cce-4d4b-9d9a-fec3ca61d09f/resource/392ce1a8-ef11-4776-b280-6f1c7fae16ae/download/cine.csv HTTP/1.1" 200 96427
2022-04-30 19:26:44,107:DEBUG:Starting new HTTPS connection (1): datos.cultura.gob.ar:443
2022-04-30 19:26:45,738:DEBUG:https://datos.cultura.gob.ar:443 "GET /dataset/37305de4-3cce-4d4b-9d9a-fec3ca61d09f/resource/01c6c048-dbeb-44e0-8efa-6944f73715d7/download/biblioteca_popular.csv HTTP/1.1" 200 511527
2022-04-30 19:26:46,303:DEBUG:Los datos fueron recolectados con éxito
2022-04-30 19:26:46,414:DEBUG:La conexión al servidor fue exitosa
2022-04-30 19:26:46,414:DEBUG:Engine(postgresql://postgres:***@localhost/alkemydb)
2022-04-30 19:26:46,534:DEBUG:Tablas creadas exitosamente
2022-04-30 19:26:46,553:DEBUG:La tabla cines fue subido con éxito a la base de datos alkemydb
2022-04-30 19:26:46,652:DEBUG:La tabla datos_bibliotecas fue subido con éxito a la base de datos alkemydb
2022-04-30 19:26:46,731:DEBUG:La tabla datos_museos fue subido con éxito a la base de datos alkemydb
2022-04-30 19:26:46,791:DEBUG:La tabla datos_cines fue subido con éxito a la base de datos alkemydb
2022-04-30 19:26:46,841:DEBUG:La tabla datos_general fue subido con éxito a la base de datos alkemydb
2022-04-30 19:30:17,803:DEBUG:Starting new HTTPS connection (1): datos.cultura.gob.ar:443
2022-04-30 19:30:19,435:DEBUG:https://datos.cultura.gob.ar:443 "GET /dataset/37305de4-3cce-4d4b-9d9a-fec3ca61d09f/resource/4207def0-2ff7-41d5-9095-d42ae8207a5d/download/museos_datosabiertos.csv HTTP/1.1" 200 None
2022-04-30 19:30:19,920:DEBUG:Starting new HTTPS connection (1): datos.cultura.gob.ar:443
2022-04-30 19:30:21,523:DEBUG:https://datos.cultura.gob.ar:443 "GET /dataset/37305de4-3cce-4d4b-9d9a-fec3ca61d09f/resource/392ce1a8-ef11-4776-b280-6f1c7fae16ae/download/cine.csv HTTP/1.1" 200 96427
2022-04-30 19:30:21,713:DEBUG:Starting new HTTPS connection (1): datos.cultura.gob.ar:443
2022-04-30 19:30:23,292:DEBUG:https://datos.cultura.gob.ar:443 "GET /dataset/37305de4-3cce-4d4b-9d9a-fec3ca61d09f/resource/01c6c048-dbeb-44e0-8efa-6944f73715d7/download/biblioteca_popular.csv HTTP/1.1" 200 511527
2022-04-30 19:30:23,965:DEBUG:Los datos fueron recolectados con éxito
2022-04-30 19:30:39,547:DEBUG:Starting new HTTPS connection (1): datos.cultura.gob.ar:443
2022-04-30 19:30:41,179:DEBUG:https://datos.cultura.gob.ar:443 "GET /dataset/37305de4-3cce-4d4b-9d9a-fec3ca61d09f/resource/4207def0-2ff7-41d5-9095-d42ae8207a5d/download/museos_datosabiertos.csv HTTP/1.1" 200 304431
2022-04-30 19:30:41,677:DEBUG:Starting new HTTPS connection (1): datos.cultura.gob.ar:443
2022-04-30 19:30:43,264:DEBUG:https://datos.cultura.gob.ar:443 "GET /dataset/37305de4-3cce-4d4b-9d9a-fec3ca61d09f/resource/392ce1a8-ef11-4776-b280-6f1c7fae16ae/download/cine.csv HTTP/1.1" 200 96427
2022-04-30 19:30:43,451:DEBUG:Starting new HTTPS connection (1): datos.cultura.gob.ar:443
2022-04-30 19:30:44,538:DEBUG:https://datos.cultura.gob.ar:443 "GET /dataset/37305de4-3cce-4d4b-9d9a-fec3ca61d09f/resource/01c6c048-dbeb-44e0-8efa-6944f73715d7/download/biblioteca_popular.csv HTTP/1.1" 200 None
2022-04-30 19:30:45,121:DEBUG:Los datos fueron recolectados con éxito
2022-04-30 19:30:45,187:DEBUG:La conexión al servidor fue exitosa
2022-04-30 19:30:45,187:DEBUG:Engine(postgresql://postgres:***@localhost/alkemydb)
2022-04-30 19:30:45,218:DEBUG:Tablas creadas exitosamente
2022-04-30 19:30:45,237:DEBUG:La tabla cines fue subido con éxito a la base de datos alkemydb
2022-04-30 19:30:45,317:DEBUG:La tabla datos_bibliotecas fue subido con éxito a la base de datos alkemydb
2022-04-30 19:30:45,367:DEBUG:La tabla datos_museos fue subido con éxito a la base de datos alkemydb
2022-04-30 19:30:45,390:DEBUG:La tabla datos_cines fue subido con éxito a la base de datos alkemydb
2022-04-30 19:30:45,407:DEBUG:La tabla datos_general fue subido con éxito a la base de datos alkemydb
2022-04-30 19:30:57,955:DEBUG:Starting new HTTPS connection (1): datos.cultura.gob.ar:443
2022-04-30 19:30:59,057:DEBUG:https://datos.cultura.gob.ar:443 "GET /dataset/37305de4-3cce-4d4b-9d9a-fec3ca61d09f/resource/4207def0-2ff7-41d5-9095-d42ae8207a5d/download/museos_datosabiertos.csv HTTP/1.1" 200 304431
2022-04-30 19:30:59,576:DEBUG:Starting new HTTPS connection (1): datos.cultura.gob.ar:443
2022-04-30 19:31:00,683:DEBUG:https://datos.cultura.gob.ar:443 "GET /dataset/37305de4-3cce-4d4b-9d9a-fec3ca61d09f/resource/392ce1a8-ef11-4776-b280-6f1c7fae16ae/download/cine.csv HTTP/1.1" 200 None
2022-04-30 19:31:00,880:DEBUG:Starting new HTTPS connection (1): datos.cultura.gob.ar:443
2022-04-30 19:31:01,989:DEBUG:https://datos.cultura.gob.ar:443 "GET /dataset/37305de4-3cce-4d4b-9d9a-fec3ca61d09f/resource/01c6c048-dbeb-44e0-8efa-6944f73715d7/download/biblioteca_popular.csv HTTP/1.1" 200 None
2022-04-30 19:31:02,649:DEBUG:Los datos fueron recolectados con éxito
2022-04-30 19:31:02,712:DEBUG:La conexión al servidor fue exitosa
2022-04-30 19:31:02,712:DEBUG:Engine(postgresql://postgres:***@localhost/alkemydb)
2022-04-30 19:31:02,742:DEBUG:Tablas creadas exitosamente
2022-04-30 19:31:02,760:DEBUG:La tabla cines fue subido con éxito a la base de datos alkemydb
2022-04-30 19:31:02,835:DEBUG:La tabla datos_bibliotecas fue subido con éxito a la base de datos alkemydb
2022-04-30 19:31:02,858:DEBUG:La tabla datos_museos fue subido con éxito a la base de datos alkemydb
2022-04-30 19:31:02,885:DEBUG:La tabla datos_cines fue subido con éxito a la base de datos alkemydb
2022-04-30 19:31:02,903:DEBUG:La tabla datos_general fue subido con éxito a la base de datos alkemydb
2022-04-30 19:31:32,152:DEBUG:Starting new HTTPS connection (1): datos.cultura.gob.ar:443
2022-04-30 19:31:33,722:DEBUG:https://datos.cultura.gob.ar:443 "GET /dataset/37305de4-3cce-4d4b-9d9a-fec3ca61d09f/resource/4207def0-2ff7-41d5-9095-d42ae8207a5d/download/museos_datosabiertos.csv HTTP/1.1" 200 None
2022-04-30 19:31:34,189:DEBUG:Starting new HTTPS connection (1): datos.cultura.gob.ar:443
2022-04-30 19:31:35,794:DEBUG:https://datos.cultura.gob.ar:443 "GET /dataset/37305de4-3cce-4d4b-9d9a-fec3ca61d09f/resource/392ce1a8-ef11-4776-b280-6f1c7fae16ae/download/cine.csv HTTP/1.1" 200 96427
2022-04-30 19:31:35,967:DEBUG:Starting new HTTPS connection (1): datos.cultura.gob.ar:443
2022-04-30 19:31:37,058:DEBUG:https://datos.cultura.gob.ar:443 "GET /dataset/37305de4-3cce-4d4b-9d9a-fec3ca61d09f/resource/01c6c048-dbeb-44e0-8efa-6944f73715d7/download/biblioteca_popular.csv HTTP/1.1" 200 511527
2022-04-30 19:31:37,691:DEBUG:Los datos fueron recolectados con éxito
2022-04-30 19:31:37,755:DEBUG:La conexión al servidor fue exitosa
2022-04-30 19:31:37,755:DEBUG:Engine(postgresql://postgres:***@localhost/alkemydb)
2022-04-30 19:31:37,783:DEBUG:Tablas creadas exitosamente
2022-04-30 19:31:37,800:DEBUG:La tabla cines fue subido con éxito a la base de datos alkemydb
2022-04-30 19:31:37,877:DEBUG:La tabla datos_bibliotecas fue subido con éxito a la base de datos alkemydb
2022-04-30 19:31:37,906:DEBUG:La tabla datos_museos fue subido con éxito a la base de datos alkemydb
2022-04-30 19:31:37,928:DEBUG:La tabla datos_cines fue subido con éxito a la base de datos alkemydb
2022-04-30 19:31:37,940:DEBUG:La tabla datos_general fue subido con éxito a la base de datos alkemydb
2022-04-30 19:32:28,657:DEBUG:Starting new HTTPS connection (1): datos.cultura.gob.ar:443
2022-04-30 19:32:29,609:DEBUG:https://datos.cultura.gob.ar:443 "GET /dataset/37305de4-3cce-4d4b-9d9a-fec3ca61d09f/resource/4207def0-2ff7-41d5-9095-d42ae8207a5d/download/museos_datosabiertos.csv HTTP/1.1" 200 None
2022-04-30 19:32:30,122:DEBUG:Starting new HTTPS connection (1): datos.cultura.gob.ar:443
2022-04-30 19:32:31,696:DEBUG:https://datos.cultura.gob.ar:443 "GET /dataset/37305de4-3cce-4d4b-9d9a-fec3ca61d09f/resource/392ce1a8-ef11-4776-b280-6f1c7fae16ae/download/cine.csv HTTP/1.1" 200 96427
2022-04-30 19:32:31,879:DEBUG:Starting new HTTPS connection (1): datos.cultura.gob.ar:443
2022-04-30 19:32:32,955:DEBUG:https://datos.cultura.gob.ar:443 "GET /dataset/37305de4-3cce-4d4b-9d9a-fec3ca61d09f/resource/01c6c048-dbeb-44e0-8efa-6944f73715d7/download/biblioteca_popular.csv HTTP/1.1" 200 None
2022-04-30 19:32:33,743:DEBUG:Los datos fueron recolectados con éxito
2022-04-30 19:32:33,807:DEBUG:La conexión al servidor fue exitosa
2022-04-30 19:32:33,807:DEBUG:Engine(postgresql://postgres:***@localhost/alkemydb)
2022-04-30 19:32:33,835:DEBUG:Tablas creadas exitosamente
2022-04-30 19:32:33,855:DEBUG:La tabla cines fue subido con éxito a la base de datos alkemydb
2022-04-30 19:32:33,936:DEBUG:La tabla datos_bibliotecas fue subido con éxito a la base de datos alkemydb
2022-04-30 19:32:33,959:DEBUG:La tabla datos_museos fue subido con éxito a la base de datos alkemydb
2022-04-30 19:32:33,987:DEBUG:La tabla datos_cines fue subido con éxito a la base de datos alkemydb
2022-04-30 19:32:34,005:DEBUG:La tabla datos_general fue subido con éxito a la base de datos alkemydb
2022-04-30 19:32:38,793:DEBUG:Starting new HTTPS connection (1): datos.cultura.gob.ar:443
2022-04-30 19:32:40,406:DEBUG:https://datos.cultura.gob.ar:443 "GET /dataset/37305de4-3cce-4d4b-9d9a-fec3ca61d09f/resource/4207def0-2ff7-41d5-9095-d42ae8207a5d/download/museos_datosabiertos.csv HTTP/1.1" 200 304431
2022-04-30 19:32:40,916:DEBUG:Starting new HTTPS connection (1): datos.cultura.gob.ar:443
2022-04-30 19:32:41,988:DEBUG:https://datos.cultura.gob.ar:443 "GET /dataset/37305de4-3cce-4d4b-9d9a-fec3ca61d09f/resource/392ce1a8-ef11-4776-b280-6f1c7fae16ae/download/cine.csv HTTP/1.1" 200 96427
2022-04-30 19:32:42,160:DEBUG:Starting new HTTPS connection (1): datos.cultura.gob.ar:443
2022-04-30 19:32:43,769:DEBUG:https://datos.cultura.gob.ar:443 "GET /dataset/37305de4-3cce-4d4b-9d9a-fec3ca61d09f/resource/01c6c048-dbeb-44e0-8efa-6944f73715d7/download/biblioteca_popular.csv HTTP/1.1" 200 None
2022-04-30 19:32:44,323:DEBUG:Los datos fueron recolectados con éxito
2022-04-30 19:32:44,387:DEBUG:La conexión al servidor fue exitosa
2022-04-30 19:32:44,387:DEBUG:Engine(postgresql://postgres:***@localhost/alkemydb)
2022-04-30 19:32:44,418:DEBUG:Tablas creadas exitosamente
2022-04-30 19:32:44,435:DEBUG:La tabla cines fue subido con éxito a la base de datos alkemydb
2022-04-30 19:32:44,510:DEBUG:La tabla datos_bibliotecas fue subido con éxito a la base de datos alkemydb
2022-04-30 19:32:44,533:DEBUG:La tabla datos_museos fue subido con éxito a la base de datos alkemydb
2022-04-30 19:32:44,563:DEBUG:La tabla datos_cines fue subido con éxito a la base de datos alkemydb
2022-04-30 19:32:44,576:DEBUG:La tabla datos_general fue subido con éxito a la base de datos alkemydb
2022-04-30 19:32:57,856:DEBUG:Starting new HTTPS connection (1): datos.cultura.gob.ar:443
2022-04-30 19:32:58,938:DEBUG:https://datos.cultura.gob.ar:443 "GET /dataset/37305de4-3cce-4d4b-9d9a-fec3ca61d09f/resource/4207def0-2ff7-41d5-9095-d42ae8207a5d/download/museos_datosabiertos.csv HTTP/1.1" 200 None
2022-04-30 19:32:59,477:DEBUG:Starting new HTTPS connection (1): datos.cultura.gob.ar:443
2022-04-30 19:33:00,566:DEBUG:https://datos.cultura.gob.ar:443 "GET /dataset/37305de4-3cce-4d4b-9d9a-fec3ca61d09f/resource/392ce1a8-ef11-4776-b280-6f1c7fae16ae/download/cine.csv HTTP/1.1" 200 96427
2022-04-30 19:33:00,749:DEBUG:Starting new HTTPS connection (1): datos.cultura.gob.ar:443
2022-04-30 19:33:01,910:DEBUG:https://datos.cultura.gob.ar:443 "GET /dataset/37305de4-3cce-4d4b-9d9a-fec3ca61d09f/resource/01c6c048-dbeb-44e0-8efa-6944f73715d7/download/biblioteca_popular.csv HTTP/1.1" 200 None
2022-04-30 19:33:02,492:DEBUG:Los datos fueron recolectados con éxito
2022-04-30 19:33:02,555:DEBUG:La conexión al servidor fue exitosa
2022-04-30 19:33:02,555:DEBUG:Engine(postgresql://postgres:***@localhost/alkemydb)
2022-04-30 19:33:02,588:DEBUG:Tablas creadas exitosamente
2022-04-30 19:33:02,607:DEBUG:La tabla cines fue subido con éxito a la base de datos alkemydb
2022-04-30 19:33:02,682:DEBUG:La tabla datos_bibliotecas fue subido con éxito a la base de datos alkemydb
2022-04-30 19:33:02,710:DEBUG:La tabla datos_museos fue subido con éxito a la base de datos alkemydb
2022-04-30 19:33:02,732:DEBUG:La tabla datos_cines fue subido con éxito a la base de datos alkemydb
2022-04-30 19:33:02,749:DEBUG:La tabla datos_general fue subido con éxito a la base de datos alkemydb
2022-04-30 19:33:13,035:DEBUG:Starting new HTTPS connection (1): datos.cultura.gob.ar:443
2022-04-30 19:33:14,111:DEBUG:https://datos.cultura.gob.ar:443 "GET /dataset/37305de4-3cce-4d4b-9d9a-fec3ca61d09f/resource/4207def0-2ff7-41d5-9095-d42ae8207a5d/download/museos_datosabiertos.csv HTTP/1.1" 200 304431
2022-04-30 19:33:14,607:DEBUG:Starting new HTTPS connection (1): datos.cultura.gob.ar:443
2022-04-30 19:33:16,235:DEBUG:https://datos.cultura.gob.ar:443 "GET /dataset/37305de4-3cce-4d4b-9d9a-fec3ca61d09f/resource/392ce1a8-ef11-4776-b280-6f1c7fae16ae/download/cine.csv HTTP/1.1" 200 96427
2022-04-30 19:33:16,421:DEBUG:Starting new HTTPS connection (1): datos.cultura.gob.ar:443
2022-04-30 19:33:17,492:DEBUG:https://datos.cultura.gob.ar:443 "GET /dataset/37305de4-3cce-4d4b-9d9a-fec3ca61d09f/resource/01c6c048-dbeb-44e0-8efa-6944f73715d7/download/biblioteca_popular.csv HTTP/1.1" 200 None
2022-04-30 19:33:18,166:DEBUG:Los datos fueron recolectados con éxito
2022-04-30 19:33:18,230:DEBUG:La conexión al servidor fue exitosa
2022-04-30 19:33:18,230:DEBUG:Engine(postgresql://postgres:***@localhost/alkemydb)
2022-04-30 19:33:18,258:DEBUG:Tablas creadas exitosamente
2022-04-30 19:33:18,280:DEBUG:La tabla cines fue subido con éxito a la base de datos alkemydb
2022-04-30 19:33:18,360:DEBUG:La tabla datos_bibliotecas fue subido con éxito a la base de datos alkemydb
2022-04-30 19:33:18,387:DEBUG:La tabla datos_museos fue subido con éxito a la base de datos alkemydb
2022-04-30 19:33:18,413:DEBUG:La tabla datos_cines fue subido con éxito a la base de datos alkemydb
2022-04-30 19:33:18,426:DEBUG:La tabla datos_general fue subido con éxito a la base de datos alkemydb
2022-04-30 19:33:32,648:DEBUG:Starting new HTTPS connection (1): datos.cultura.gob.ar:443
2022-04-30 19:33:33,722:DEBUG:https://datos.cultura.gob.ar:443 "GET /dataset/37305de4-3cce-4d4b-9d9a-fec3ca61d09f/resource/4207def0-2ff7-41d5-9095-d42ae8207a5d/download/museos_datosabiertos.csv HTTP/1.1" 200 304431
2022-04-30 19:33:34,237:DEBUG:Starting new HTTPS connection (1): datos.cultura.gob.ar:443
2022-04-30 19:33:35,315:DEBUG:https://datos.cultura.gob.ar:443 "GET /dataset/37305de4-3cce-4d4b-9d9a-fec3ca61d09f/resource/392ce1a8-ef11-4776-b280-6f1c7fae16ae/download/cine.csv HTTP/1.1" 200 96427
2022-04-30 19:33:35,501:DEBUG:Starting new HTTPS connection (1): datos.cultura.gob.ar:443
2022-04-30 19:33:36,582:DEBUG:https://datos.cultura.gob.ar:443 "GET /dataset/37305de4-3cce-4d4b-9d9a-fec3ca61d09f/resource/01c6c048-dbeb-44e0-8efa-6944f73715d7/download/biblioteca_popular.csv HTTP/1.1" 200 None
2022-04-30 19:33:37,121:DEBUG:Los datos fueron recolectados con éxito
2022-04-30 19:33:37,186:DEBUG:La conexión al servidor fue exitosa
2022-04-30 19:33:37,186:DEBUG:Engine(postgresql://postgres:***@localhost/alkemydb)
2022-04-30 19:33:37,347:DEBUG:Tablas creadas exitosamente
2022-04-30 19:33:37,384:DEBUG:La tabla cines fue subido con éxito a la base de datos alkemydb
2022-04-30 19:33:37,493:DEBUG:La tabla datos_bibliotecas fue subido con éxito a la base de datos alkemydb
2022-04-30 19:33:37,524:DEBUG:La tabla datos_museos fue subido con éxito a la base de datos alkemydb
2022-04-30 19:33:37,577:DEBUG:La tabla datos_cines fue subido con éxito a la base de datos alkemydb
2022-04-30 19:33:37,617:DEBUG:La tabla datos_general fue subido con éxito a la base de datos alkemydb
2022-04-30 19:34:07,853:DEBUG:Starting new HTTPS connection (1): datos.cultura.gob.ar:443
2022-04-30 19:34:08,923:DEBUG:https://datos.cultura.gob.ar:443 "GET /dataset/37305de4-3cce-4d4b-9d9a-fec3ca61d09f/resource/4207def0-2ff7-41d5-9095-d42ae8207a5d/download/museos_datosabiertos.csv HTTP/1.1" 200 304431
2022-04-30 19:34:09,424:DEBUG:Starting new HTTPS connection (1): datos.cultura.gob.ar:443
2022-04-30 19:34:10,988:DEBUG:https://datos.cultura.gob.ar:443 "GET /dataset/37305de4-3cce-4d4b-9d9a-fec3ca61d09f/resource/392ce1a8-ef11-4776-b280-6f1c7fae16ae/download/cine.csv HTTP/1.1" 200 96427
2022-04-30 19:34:11,172:DEBUG:Starting new HTTPS connection (1): datos.cultura.gob.ar:443
2022-04-30 19:34:12,107:DEBUG:https://datos.cultura.gob.ar:443 "GET /dataset/37305de4-3cce-4d4b-9d9a-fec3ca61d09f/resource/01c6c048-dbeb-44e0-8efa-6944f73715d7/download/biblioteca_popular.csv HTTP/1.1" 200 None
2022-04-30 19:34:12,751:DEBUG:Los datos fueron recolectados con éxito
2022-04-30 19:34:12,816:DEBUG:La conexión al servidor fue exitosa
2022-04-30 19:34:12,816:DEBUG:Engine(postgresql://postgres:***@localhost/alkemydb)
2022-04-30 19:34:12,843:DEBUG:Tablas creadas exitosamente
2022-04-30 19:34:12,860:DEBUG:La tabla cines fue subido con éxito a la base de datos alkemydb
2022-04-30 19:34:12,935:DEBUG:La tabla datos_bibliotecas fue subido con éxito a la base de datos alkemydb
2022-04-30 19:34:12,962:DEBUG:La tabla datos_museos fue subido con éxito a la base de datos alkemydb
2022-04-30 19:34:12,985:DEBUG:La tabla datos_cines fue subido con éxito a la base de datos alkemydb
2022-04-30 19:34:13,007:DEBUG:La tabla datos_general fue subido con éxito a la base de datos alkemydb
2022-04-30 19:34:57,192:DEBUG:Starting new HTTPS connection (1): datos.cultura.gob.ar:443
2022-04-30 19:34:58,790:DEBUG:https://datos.cultura.gob.ar:443 "GET /dataset/37305de4-3cce-4d4b-9d9a-fec3ca61d09f/resource/4207def0-2ff7-41d5-9095-d42ae8207a5d/download/museos_datosabiertos.csv HTTP/1.1" 200 304431
2022-04-30 19:34:59,419:DEBUG:Starting new HTTPS connection (1): datos.cultura.gob.ar:443
2022-04-30 19:35:00,610:DEBUG:https://datos.cultura.gob.ar:443 "GET /dataset/37305de4-3cce-4d4b-9d9a-fec3ca61d09f/resource/392ce1a8-ef11-4776-b280-6f1c7fae16ae/download/cine.csv HTTP/1.1" 200 96427
2022-04-30 19:35:00,785:DEBUG:Starting new HTTPS connection (1): datos.cultura.gob.ar:443
2022-04-30 19:35:01,874:DEBUG:https://datos.cultura.gob.ar:443 "GET /dataset/37305de4-3cce-4d4b-9d9a-fec3ca61d09f/resource/01c6c048-dbeb-44e0-8efa-6944f73715d7/download/biblioteca_popular.csv HTTP/1.1" 200 511527
2022-04-30 19:35:02,510:DEBUG:Los datos fueron recolectados con éxito
2022-04-30 19:35:02,573:DEBUG:La conexión al servidor fue exitosa
2022-04-30 19:35:02,573:DEBUG:Engine(postgresql://postgres:***@localhost/alkemydb)
2022-04-30 19:35:02,602:DEBUG:Tablas creadas exitosamente
2022-04-30 19:35:02,619:DEBUG:La tabla cines fue subido con éxito a la base de datos alkemydb
2022-04-30 19:35:02,693:DEBUG:La tabla datos_bibliotecas fue subido con éxito a la base de datos alkemydb
2022-04-30 19:35:02,716:DEBUG:La tabla datos_museos fue subido con éxito a la base de datos alkemydb
2022-04-30 19:35:02,738:DEBUG:La tabla datos_cines fue subido con éxito a la base de datos alkemydb
2022-04-30 19:35:02,754:DEBUG:La tabla datos_general fue subido con éxito a la base de datos alkemydb
2022-04-30 19:35:16,312:DEBUG:Starting new HTTPS connection (1): datos.cultura.gob.ar:443
2022-04-30 19:35:17,907:DEBUG:https://datos.cultura.gob.ar:443 "GET /dataset/37305de4-3cce-4d4b-9d9a-fec3ca61d09f/resource/4207def0-2ff7-41d5-9095-d42ae8207a5d/download/museos_datosabiertos.csv HTTP/1.1" 200 304431
2022-04-30 19:35:18,413:DEBUG:Starting new HTTPS connection (1): datos.cultura.gob.ar:443
2022-04-30 19:35:20,059:DEBUG:https://datos.cultura.gob.ar:443 "GET /dataset/37305de4-3cce-4d4b-9d9a-fec3ca61d09f/resource/392ce1a8-ef11-4776-b280-6f1c7fae16ae/download/cine.csv HTTP/1.1" 200 96427
2022-04-30 19:35:20,249:DEBUG:Starting new HTTPS connection (1): datos.cultura.gob.ar:443
2022-04-30 19:35:21,344:DEBUG:https://datos.cultura.gob.ar:443 "GET /dataset/37305de4-3cce-4d4b-9d9a-fec3ca61d09f/resource/01c6c048-dbeb-44e0-8efa-6944f73715d7/download/biblioteca_popular.csv HTTP/1.1" 200 None
2022-04-30 19:35:21,904:DEBUG:Los datos fueron recolectados con éxito
2022-04-30 19:35:21,967:DEBUG:La conexión al servidor fue exitosa
2022-04-30 19:35:21,967:DEBUG:Engine(postgresql://postgres:***@localhost/alkemydb)
2022-04-30 19:35:21,996:DEBUG:Tablas creadas exitosamente
2022-04-30 19:35:22,014:DEBUG:La tabla cines fue subido con éxito a la base de datos alkemydb
2022-04-30 19:35:22,093:DEBUG:La tabla datos_bibliotecas fue subido con éxito a la base de datos alkemydb
2022-04-30 19:35:22,116:DEBUG:La tabla datos_museos fue subido con éxito a la base de datos alkemydb
2022-04-30 19:35:22,139:DEBUG:La tabla datos_cines fue subido con éxito a la base de datos alkemydb
2022-04-30 19:35:22,155:DEBUG:La tabla datos_general fue subido con éxito a la base de datos alkemydb
2022-04-30 19:36:22,291:DEBUG:Starting new HTTPS connection (1): datos.cultura.gob.ar:443
2022-04-30 19:36:23,889:DEBUG:https://datos.cultura.gob.ar:443 "GET /dataset/37305de4-3cce-4d4b-9d9a-fec3ca61d09f/resource/4207def0-2ff7-41d5-9095-d42ae8207a5d/download/museos_datosabiertos.csv HTTP/1.1" 200 304431
2022-04-30 19:36:24,291:DEBUG:Starting new HTTPS connection (1): datos.cultura.gob.ar:443
2022-04-30 19:36:25,887:DEBUG:https://datos.cultura.gob.ar:443 "GET /dataset/37305de4-3cce-4d4b-9d9a-fec3ca61d09f/resource/392ce1a8-ef11-4776-b280-6f1c7fae16ae/download/cine.csv HTTP/1.1" 200 96427
2022-04-30 19:36:26,066:DEBUG:Starting new HTTPS connection (1): datos.cultura.gob.ar:443
2022-04-30 19:36:27,663:DEBUG:https://datos.cultura.gob.ar:443 "GET /dataset/37305de4-3cce-4d4b-9d9a-fec3ca61d09f/resource/01c6c048-dbeb-44e0-8efa-6944f73715d7/download/biblioteca_popular.csv HTTP/1.1" 200 None
2022-04-30 19:36:28,252:DEBUG:Los datos fueron recolectados con éxito
2022-04-30 19:36:28,316:DEBUG:La conexión al servidor fue exitosa
2022-04-30 19:36:28,316:DEBUG:Engine(postgresql://postgres:***@localhost/alkemydb)
2022-04-30 19:36:28,345:DEBUG:Tablas creadas exitosamente
2022-04-30 19:36:28,363:DEBUG:La tabla cines fue subido con éxito a la base de datos alkemydb
2022-04-30 19:36:28,436:DEBUG:La tabla datos_bibliotecas fue subido con éxito a la base de datos alkemydb
2022-04-30 19:36:28,459:DEBUG:La tabla datos_museos fue subido con éxito a la base de datos alkemydb
2022-04-30 19:36:28,481:DEBUG:La tabla datos_cines fue subido con éxito a la base de datos alkemydb
2022-04-30 19:36:28,498:DEBUG:La tabla datos_general fue subido con éxito a la base de datos alkemydb
2022-04-30 19:36:59,039:DEBUG:Starting new HTTPS connection (1): datos.cultura.gob.ar:443
2022-04-30 19:37:00,642:DEBUG:https://datos.cultura.gob.ar:443 "GET /dataset/37305de4-3cce-4d4b-9d9a-fec3ca61d09f/resource/4207def0-2ff7-41d5-9095-d42ae8207a5d/download/museos_datosabiertos.csv HTTP/1.1" 200 304431
2022-04-30 19:37:01,136:DEBUG:Starting new HTTPS connection (1): datos.cultura.gob.ar:443
2022-04-30 19:37:02,724:DEBUG:https://datos.cultura.gob.ar:443 "GET /dataset/37305de4-3cce-4d4b-9d9a-fec3ca61d09f/resource/392ce1a8-ef11-4776-b280-6f1c7fae16ae/download/cine.csv HTTP/1.1" 200 96427
2022-04-30 19:37:02,902:DEBUG:Starting new HTTPS connection (1): datos.cultura.gob.ar:443
2022-04-30 19:37:03,961:DEBUG:https://datos.cultura.gob.ar:443 "GET /dataset/37305de4-3cce-4d4b-9d9a-fec3ca61d09f/resource/01c6c048-dbeb-44e0-8efa-6944f73715d7/download/biblioteca_popular.csv HTTP/1.1" 200 None
2022-04-30 19:37:04,601:DEBUG:Los datos fueron recolectados con éxito
2022-04-30 19:37:04,663:DEBUG:La conexión al servidor fue exitosa
2022-04-30 19:37:04,663:DEBUG:Engine(postgresql://postgres:***@localhost/alkemydb)
2022-04-30 19:37:04,695:DEBUG:Tablas creadas exitosamente
2022-04-30 19:37:04,713:DEBUG:La tabla cines fue subido con éxito a la base de datos alkemydb
2022-04-30 19:37:04,787:DEBUG:La tabla datos_bibliotecas fue subido con éxito a la base de datos alkemydb
2022-04-30 19:37:04,810:DEBUG:La tabla datos_museos fue subido con éxito a la base de datos alkemydb
2022-04-30 19:37:04,835:DEBUG:La tabla datos_cines fue subido con éxito a la base de datos alkemydb
2022-04-30 19:37:04,853:DEBUG:La tabla datos_general fue subido con éxito a la base de datos alkemydb
2022-04-30 19:37:25,799:DEBUG:Starting new HTTPS connection (1): datos.cultura.gob.ar:443
2022-04-30 19:37:26,883:DEBUG:https://datos.cultura.gob.ar:443 "GET /dataset/37305de4-3cce-4d4b-9d9a-fec3ca61d09f/resource/4207def0-2ff7-41d5-9095-d42ae8207a5d/download/museos_datosabiertos.csv HTTP/1.1" 200 304431
2022-04-30 19:37:27,403:DEBUG:Starting new HTTPS connection (1): datos.cultura.gob.ar:443
2022-04-30 19:37:28,555:DEBUG:https://datos.cultura.gob.ar:443 "GET /dataset/37305de4-3cce-4d4b-9d9a-fec3ca61d09f/resource/392ce1a8-ef11-4776-b280-6f1c7fae16ae/download/cine.csv HTTP/1.1" 200 96427
2022-04-30 19:37:28,733:DEBUG:Starting new HTTPS connection (1): datos.cultura.gob.ar:443
2022-04-30 19:37:29,785:DEBUG:https://datos.cultura.gob.ar:443 "GET /dataset/37305de4-3cce-4d4b-9d9a-fec3ca61d09f/resource/01c6c048-dbeb-44e0-8efa-6944f73715d7/download/biblioteca_popular.csv HTTP/1.1" 200 None
2022-04-30 19:37:30,392:DEBUG:Los datos fueron recolectados con éxito
2022-04-30 19:37:43,521:DEBUG:Starting new HTTPS connection (1): datos.cultura.gob.ar:443
2022-04-30 19:37:44,611:DEBUG:https://datos.cultura.gob.ar:443 "GET /dataset/37305de4-3cce-4d4b-9d9a-fec3ca61d09f/resource/4207def0-2ff7-41d5-9095-d42ae8207a5d/download/museos_datosabiertos.csv HTTP/1.1" 200 None
2022-04-30 19:37:45,144:DEBUG:Starting new HTTPS connection (1): datos.cultura.gob.ar:443
2022-04-30 19:37:46,775:DEBUG:https://datos.cultura.gob.ar:443 "GET /dataset/37305de4-3cce-4d4b-9d9a-fec3ca61d09f/resource/392ce1a8-ef11-4776-b280-6f1c7fae16ae/download/cine.csv HTTP/1.1" 200 96427
2022-04-30 19:37:46,946:DEBUG:Starting new HTTPS connection (1): datos.cultura.gob.ar:443
2022-04-30 19:37:48,424:DEBUG:https://datos.cultura.gob.ar:443 "GET /dataset/37305de4-3cce-4d4b-9d9a-fec3ca61d09f/resource/01c6c048-dbeb-44e0-8efa-6944f73715d7/download/biblioteca_popular.csv HTTP/1.1" 200 None
2022-04-30 19:37:49,128:DEBUG:Los datos fueron recolectados con éxito
2022-04-30 19:37:49,191:DEBUG:La conexión al servidor fue exitosa
2022-04-30 19:37:49,191:DEBUG:Engine(postgresql://postgres:***@localhost/alkemydb)
2022-04-30 19:37:49,220:DEBUG:Tablas creadas exitosamente
2022-04-30 19:37:49,237:DEBUG:La tabla cines fue subido con éxito a la base de datos alkemydb
2022-04-30 19:37:49,317:DEBUG:La tabla datos_bibliotecas fue subido con éxito a la base de datos alkemydb
2022-04-30 19:37:49,345:DEBUG:La tabla datos_museos fue subido con éxito a la base de datos alkemydb
2022-04-30 19:37:49,367:DEBUG:La tabla datos_cines fue subido con éxito a la base de datos alkemydb
2022-04-30 19:37:49,384:DEBUG:La tabla datos_general fue subido con éxito a la base de datos alkemydb
2022-04-30 19:38:43,921:DEBUG:Starting new HTTPS connection (1): datos.cultura.gob.ar:443
2022-04-30 19:38:44,999:DEBUG:https://datos.cultura.gob.ar:443 "GET /dataset/37305de4-3cce-4d4b-9d9a-fec3ca61d09f/resource/4207def0-2ff7-41d5-9095-d42ae8207a5d/download/museos_datosabiertos.csv HTTP/1.1" 200 None
2022-04-30 19:38:45,458:DEBUG:Starting new HTTPS connection (1): datos.cultura.gob.ar:443
2022-04-30 19:38:46,564:DEBUG:https://datos.cultura.gob.ar:443 "GET /dataset/37305de4-3cce-4d4b-9d9a-fec3ca61d09f/resource/392ce1a8-ef11-4776-b280-6f1c7fae16ae/download/cine.csv HTTP/1.1" 200 96427
2022-04-30 19:38:46,746:DEBUG:Starting new HTTPS connection (1): datos.cultura.gob.ar:443
2022-04-30 19:38:47,844:DEBUG:https://datos.cultura.gob.ar:443 "GET /dataset/37305de4-3cce-4d4b-9d9a-fec3ca61d09f/resource/01c6c048-dbeb-44e0-8efa-6944f73715d7/download/biblioteca_popular.csv HTTP/1.1" 200 511527
2022-04-30 19:38:48,472:DEBUG:Los datos fueron recolectados con éxito
2022-04-30 19:38:48,534:DEBUG:La conexión al servidor fue exitosa
2022-04-30 19:38:48,534:DEBUG:Engine(postgresql://postgres:***@localhost/alkemydb)
2022-04-30 19:38:48,563:DEBUG:Tablas creadas exitosamente
2022-04-30 19:38:48,582:DEBUG:La tabla cines fue subido con éxito a la base de datos alkemydb
2022-04-30 19:38:48,661:DEBUG:La tabla datos_bibliotecas fue subido con éxito a la base de datos alkemydb
2022-04-30 19:38:48,691:DEBUG:La tabla datos_museos fue subido con éxito a la base de datos alkemydb
2022-04-30 19:38:48,719:DEBUG:La tabla datos_cines fue subido con éxito a la base de datos alkemydb
2022-04-30 19:38:48,736:DEBUG:La tabla datos_general fue subido con éxito a la base de datos alkemydb
2022-04-30 19:39:15,432:DEBUG:Starting new HTTPS connection (1): datos.cultura.gob.ar:443
2022-04-30 19:39:16,521:DEBUG:https://datos.cultura.gob.ar:443 "GET /dataset/37305de4-3cce-4d4b-9d9a-fec3ca61d09f/resource/4207def0-2ff7-41d5-9095-d42ae8207a5d/download/museos_datosabiertos.csv HTTP/1.1" 200 304431
2022-04-30 19:39:17,051:DEBUG:Starting new HTTPS connection (1): datos.cultura.gob.ar:443
2022-04-30 19:39:18,694:DEBUG:https://datos.cultura.gob.ar:443 "GET /dataset/37305de4-3cce-4d4b-9d9a-fec3ca61d09f/resource/392ce1a8-ef11-4776-b280-6f1c7fae16ae/download/cine.csv HTTP/1.1" 200 96427
2022-04-30 19:39:18,872:DEBUG:Starting new HTTPS connection (1): datos.cultura.gob.ar:443
2022-04-30 19:39:20,446:DEBUG:https://datos.cultura.gob.ar:443 "GET /dataset/37305de4-3cce-4d4b-9d9a-fec3ca61d09f/resource/01c6c048-dbeb-44e0-8efa-6944f73715d7/download/biblioteca_popular.csv HTTP/1.1" 200 None
2022-04-30 19:39:20,996:DEBUG:Los datos fueron recolectados con éxito
2022-04-30 19:39:21,058:DEBUG:La conexión al servidor fue exitosa
2022-04-30 19:39:21,058:DEBUG:Engine(postgresql://postgres:***@localhost/alkemydb)
2022-04-30 19:39:21,094:DEBUG:Tablas creadas exitosamente
2022-04-30 19:39:21,113:DEBUG:La tabla cines fue subido con éxito a la base de datos alkemydb
2022-04-30 19:39:21,191:DEBUG:La tabla datos_bibliotecas fue subido con éxito a la base de datos alkemydb
2022-04-30 19:39:21,213:DEBUG:La tabla datos_museos fue subido con éxito a la base de datos alkemydb
2022-04-30 19:39:21,240:DEBUG:La tabla datos_cines fue subido con éxito a la base de datos alkemydb
2022-04-30 19:39:21,252:DEBUG:La tabla datos_general fue subido con éxito a la base de datos alkemydb
2022-04-30 19:39:31,952:DEBUG:Starting new HTTPS connection (1): datos.cultura.gob.ar:443
2022-04-30 19:39:33,548:DEBUG:https://datos.cultura.gob.ar:443 "GET /dataset/37305de4-3cce-4d4b-9d9a-fec3ca61d09f/resource/4207def0-2ff7-41d5-9095-d42ae8207a5d/download/museos_datosabiertos.csv HTTP/1.1" 200 304431
2022-04-30 19:39:33,919:DEBUG:Starting new HTTPS connection (1): datos.cultura.gob.ar:443
2022-04-30 19:39:35,018:DEBUG:https://datos.cultura.gob.ar:443 "GET /dataset/37305de4-3cce-4d4b-9d9a-fec3ca61d09f/resource/392ce1a8-ef11-4776-b280-6f1c7fae16ae/download/cine.csv HTTP/1.1" 200 96427
2022-04-30 19:39:35,201:DEBUG:Starting new HTTPS connection (1): datos.cultura.gob.ar:443
2022-04-30 19:39:36,267:DEBUG:https://datos.cultura.gob.ar:443 "GET /dataset/37305de4-3cce-4d4b-9d9a-fec3ca61d09f/resource/01c6c048-dbeb-44e0-8efa-6944f73715d7/download/biblioteca_popular.csv HTTP/1.1" 200 511527
2022-04-30 19:39:36,816:DEBUG:Los datos fueron recolectados con éxito
2022-04-30 19:39:36,883:DEBUG:La conexión al servidor fue exitosa
2022-04-30 19:39:36,883:DEBUG:Engine(postgresql://postgres:***@localhost/alkemydb)
2022-04-30 19:39:36,911:DEBUG:Tablas creadas exitosamente
2022-04-30 19:39:36,929:DEBUG:La tabla cines fue subido con éxito a la base de datos alkemydb
2022-04-30 19:39:37,012:DEBUG:La tabla datos_bibliotecas fue subido con éxito a la base de datos alkemydb
2022-04-30 19:39:37,036:DEBUG:La tabla datos_museos fue subido con éxito a la base de datos alkemydb
2022-04-30 19:39:37,060:DEBUG:La tabla datos_cines fue subido con éxito a la base de datos alkemydb
2022-04-30 19:39:37,082:DEBUG:La tabla datos_general fue subido con éxito a la base de datos alkemydb
2022-04-30 19:40:17,806:DEBUG:Starting new HTTPS connection (1): datos.cultura.gob.ar:443
2022-04-30 19:40:18,869:DEBUG:https://datos.cultura.gob.ar:443 "GET /dataset/37305de4-3cce-4d4b-9d9a-fec3ca61d09f/resource/4207def0-2ff7-41d5-9095-d42ae8207a5d/download/museos_datosabiertos.csv HTTP/1.1" 200 None
2022-04-30 19:40:19,353:DEBUG:Starting new HTTPS connection (1): datos.cultura.gob.ar:443
2022-04-30 19:40:20,464:DEBUG:https://datos.cultura.gob.ar:443 "GET /dataset/37305de4-3cce-4d4b-9d9a-fec3ca61d09f/resource/392ce1a8-ef11-4776-b280-6f1c7fae16ae/download/cine.csv HTTP/1.1" 200 96427
2022-04-30 19:40:20,643:DEBUG:Starting new HTTPS connection (1): datos.cultura.gob.ar:443
2022-04-30 19:40:21,740:DEBUG:https://datos.cultura.gob.ar:443 "GET /dataset/37305de4-3cce-4d4b-9d9a-fec3ca61d09f/resource/01c6c048-dbeb-44e0-8efa-6944f73715d7/download/biblioteca_popular.csv HTTP/1.1" 200 511527
2022-04-30 19:40:22,288:DEBUG:Los datos fueron recolectados con éxito
2022-04-30 19:40:22,350:DEBUG:La conexión al servidor fue exitosa
2022-04-30 19:40:22,350:DEBUG:Engine(postgresql://postgres:***@localhost/alkemydb)
2022-04-30 19:40:22,380:DEBUG:Tablas creadas exitosamente
2022-04-30 19:40:22,398:DEBUG:La tabla cines fue subido con éxito a la base de datos alkemydb
2022-04-30 19:40:22,478:DEBUG:La tabla datos_bibliotecas fue subido con éxito a la base de datos alkemydb
2022-04-30 19:40:22,505:DEBUG:La tabla datos_museos fue subido con éxito a la base de datos alkemydb
2022-04-30 19:40:22,532:DEBUG:La tabla datos_cines fue subido con éxito a la base de datos alkemydb
2022-04-30 19:40:22,545:DEBUG:La tabla datos_general fue subido con éxito a la base de datos alkemydb
2022-04-30 19:42:28,584:DEBUG:Starting new HTTPS connection (1): datos.cultura.gob.ar:443
2022-04-30 19:42:30,173:DEBUG:https://datos.cultura.gob.ar:443 "GET /dataset/37305de4-3cce-4d4b-9d9a-fec3ca61d09f/resource/4207def0-2ff7-41d5-9095-d42ae8207a5d/download/museos_datosabiertos.csv HTTP/1.1" 200 304431
2022-04-30 19:42:30,696:DEBUG:Starting new HTTPS connection (1): datos.cultura.gob.ar:443
2022-04-30 19:42:32,324:DEBUG:https://datos.cultura.gob.ar:443 "GET /dataset/37305de4-3cce-4d4b-9d9a-fec3ca61d09f/resource/392ce1a8-ef11-4776-b280-6f1c7fae16ae/download/cine.csv HTTP/1.1" 200 96427
2022-04-30 19:42:32,500:DEBUG:Starting new HTTPS connection (1): datos.cultura.gob.ar:443
2022-04-30 19:42:34,103:DEBUG:https://datos.cultura.gob.ar:443 "GET /dataset/37305de4-3cce-4d4b-9d9a-fec3ca61d09f/resource/01c6c048-dbeb-44e0-8efa-6944f73715d7/download/biblioteca_popular.csv HTTP/1.1" 200 None
2022-04-30 19:42:34,744:DEBUG:Los datos fueron recolectados con éxito
2022-04-30 19:42:34,810:DEBUG:La conexión al servidor fue exitosa
2022-04-30 19:42:34,810:DEBUG:Engine(postgresql://postgres:***@localhost/alkemydb)
2022-04-30 19:42:34,839:DEBUG:Tablas creadas exitosamente
2022-04-30 19:42:34,857:DEBUG:La tabla cines fue subido con éxito a la base de datos alkemydb
2022-04-30 19:42:34,934:DEBUG:La tabla datos_bibliotecas fue subido con éxito a la base de datos alkemydb
2022-04-30 19:42:34,960:DEBUG:La tabla datos_museos fue subido con éxito a la base de datos alkemydb
2022-04-30 19:42:34,993:DEBUG:La tabla datos_cines fue subido con éxito a la base de datos alkemydb
2022-04-30 19:42:35,012:DEBUG:La tabla datos_general fue subido con éxito a la base de datos alkemydb
2022-04-30 19:43:16,779:DEBUG:Starting new HTTPS connection (1): datos.cultura.gob.ar:443
2022-04-30 19:43:17,875:DEBUG:https://datos.cultura.gob.ar:443 "GET /dataset/37305de4-3cce-4d4b-9d9a-fec3ca61d09f/resource/4207def0-2ff7-41d5-9095-d42ae8207a5d/download/museos_datosabiertos.csv HTTP/1.1" 200 None
2022-04-30 19:43:18,330:DEBUG:Starting new HTTPS connection (1): datos.cultura.gob.ar:443
2022-04-30 19:43:19,399:DEBUG:https://datos.cultura.gob.ar:443 "GET /dataset/37305de4-3cce-4d4b-9d9a-fec3ca61d09f/resource/392ce1a8-ef11-4776-b280-6f1c7fae16ae/download/cine.csv HTTP/1.1" 200 96427
2022-04-30 19:43:19,602:DEBUG:Starting new HTTPS connection (1): datos.cultura.gob.ar:443
2022-04-30 19:43:21,181:DEBUG:https://datos.cultura.gob.ar:443 "GET /dataset/37305de4-3cce-4d4b-9d9a-fec3ca61d09f/resource/01c6c048-dbeb-44e0-8efa-6944f73715d7/download/biblioteca_popular.csv HTTP/1.1" 200 None
2022-04-30 19:43:21,803:DEBUG:Los datos fueron recolectados con éxito
2022-04-30 19:43:21,920:DEBUG:La conexión al servidor fue exitosa
2022-04-30 19:43:21,920:DEBUG:Engine(postgresql://postgres:***@localhost/alkemydb)
2022-04-30 19:43:21,952:DEBUG:Tablas creadas exitosamente
2022-04-30 19:43:21,969:DEBUG:La tabla cines fue subido con éxito a la base de datos alkemydb
2022-04-30 19:43:22,044:DEBUG:La tabla datos_bibliotecas fue subido con éxito a la base de datos alkemydb
2022-04-30 19:43:22,120:DEBUG:La tabla datos_museos fue subido con éxito a la base de datos alkemydb
2022-04-30 19:43:22,166:DEBUG:La tabla datos_cines fue subido con éxito a la base de datos alkemydb
2022-04-30 19:43:22,188:DEBUG:La tabla datos_general fue subido con éxito a la base de datos alkemydb
2022-04-30 19:46:52,371:DEBUG:Starting new HTTPS connection (1): datos.cultura.gob.ar:443
2022-04-30 19:46:53,989:DEBUG:https://datos.cultura.gob.ar:443 "GET /dataset/37305de4-3cce-4d4b-9d9a-fec3ca61d09f/resource/4207def0-2ff7-41d5-9095-d42ae8207a5d/download/museos_datosabiertos.csv HTTP/1.1" 200 304431
2022-04-30 19:46:54,365:DEBUG:Starting new HTTPS connection (1): datos.cultura.gob.ar:443
2022-04-30 19:46:56,113:DEBUG:https://datos.cultura.gob.ar:443 "GET /dataset/37305de4-3cce-4d4b-9d9a-fec3ca61d09f/resource/392ce1a8-ef11-4776-b280-6f1c7fae16ae/download/cine.csv HTTP/1.1" 200 96427
2022-04-30 19:46:56,292:DEBUG:Starting new HTTPS connection (1): datos.cultura.gob.ar:443
2022-04-30 19:46:57,890:DEBUG:https://datos.cultura.gob.ar:443 "GET /dataset/37305de4-3cce-4d4b-9d9a-fec3ca61d09f/resource/01c6c048-dbeb-44e0-8efa-6944f73715d7/download/biblioteca_popular.csv HTTP/1.1" 200 511527
2022-04-30 19:46:58,632:DEBUG:Los datos fueron recolectados con éxito
2022-04-30 19:49:14,362:DEBUG:Starting new HTTPS connection (1): datos.cultura.gob.ar:443
2022-04-30 19:49:15,976:DEBUG:https://datos.cultura.gob.ar:443 "GET /dataset/37305de4-3cce-4d4b-9d9a-fec3ca61d09f/resource/4207def0-2ff7-41d5-9095-d42ae8207a5d/download/museos_datosabiertos.csv HTTP/1.1" 200 None
2022-04-30 19:49:16,586:DEBUG:Starting new HTTPS connection (1): datos.cultura.gob.ar:443
2022-04-30 19:49:18,195:DEBUG:https://datos.cultura.gob.ar:443 "GET /dataset/37305de4-3cce-4d4b-9d9a-fec3ca61d09f/resource/392ce1a8-ef11-4776-b280-6f1c7fae16ae/download/cine.csv HTTP/1.1" 200 96427
2022-04-30 19:49:18,372:DEBUG:Starting new HTTPS connection (1): datos.cultura.gob.ar:443
2022-04-30 19:49:19,979:DEBUG:https://datos.cultura.gob.ar:443 "GET /dataset/37305de4-3cce-4d4b-9d9a-fec3ca61d09f/resource/01c6c048-dbeb-44e0-8efa-6944f73715d7/download/biblioteca_popular.csv HTTP/1.1" 200 None
2022-04-30 19:49:20,806:DEBUG:Los datos fueron recolectados con éxito
2022-04-30 19:49:20,871:DEBUG:La conexión al servidor fue exitosa
2022-04-30 19:49:20,871:DEBUG:Engine(postgresql://postgres:***@localhost/alkemydb)
2022-04-30 19:49:20,901:DEBUG:Tablas creadas exitosamente
2022-04-30 19:49:20,919:DEBUG:La tabla cines fue subido con éxito a la base de datos alkemydb
2022-04-30 19:49:20,993:DEBUG:La tabla datos_bibliotecas fue subido con éxito a la base de datos alkemydb
2022-04-30 19:49:21,041:DEBUG:La tabla datos_museos fue subido con éxito a la base de datos alkemydb
2022-04-30 19:49:21,072:DEBUG:La tabla datos_cines fue subido con éxito a la base de datos alkemydb
2022-04-30 19:49:21,085:DEBUG:La tabla datos_general fue subido con éxito a la base de datos alkemydb
2022-04-30 19:49:36,002:DEBUG:Starting new HTTPS connection (1): datos.cultura.gob.ar:443
2022-04-30 19:49:37,613:DEBUG:https://datos.cultura.gob.ar:443 "GET /dataset/37305de4-3cce-4d4b-9d9a-fec3ca61d09f/resource/4207def0-2ff7-41d5-9095-d42ae8207a5d/download/museos_datosabiertos.csv HTTP/1.1" 200 304431
2022-04-30 19:49:38,121:DEBUG:Starting new HTTPS connection (1): datos.cultura.gob.ar:443
2022-04-30 19:49:39,741:DEBUG:https://datos.cultura.gob.ar:443 "GET /dataset/37305de4-3cce-4d4b-9d9a-fec3ca61d09f/resource/392ce1a8-ef11-4776-b280-6f1c7fae16ae/download/cine.csv HTTP/1.1" 200 96427
2022-04-30 19:49:39,924:DEBUG:Starting new HTTPS connection (1): datos.cultura.gob.ar:443
2022-04-30 19:49:41,364:DEBUG:https://datos.cultura.gob.ar:443 "GET /dataset/37305de4-3cce-4d4b-9d9a-fec3ca61d09f/resource/01c6c048-dbeb-44e0-8efa-6944f73715d7/download/biblioteca_popular.csv HTTP/1.1" 200 None
2022-04-30 19:49:42,037:DEBUG:Los datos fueron recolectados con éxito
2022-04-30 19:49:42,103:DEBUG:La conexión al servidor fue exitosa
2022-04-30 19:49:42,103:DEBUG:Engine(postgresql://postgres:***@localhost/alkemydb)
2022-04-30 19:49:42,132:DEBUG:Tablas creadas exitosamente
2022-04-30 19:49:42,151:DEBUG:La tabla cines fue subido con éxito a la base de datos alkemydb
2022-04-30 19:49:42,230:DEBUG:La tabla datos_bibliotecas fue subido con éxito a la base de datos alkemydb
2022-04-30 19:49:42,281:DEBUG:La tabla datos_museos fue subido con éxito a la base de datos alkemydb
2022-04-30 19:49:42,309:DEBUG:La tabla datos_cines fue subido con éxito a la base de datos alkemydb
2022-04-30 19:49:42,321:DEBUG:La tabla datos_general fue subido con éxito a la base de datos alkemydb
2022-04-30 19:50:05,808:DEBUG:Starting new HTTPS connection (1): datos.cultura.gob.ar:443
2022-04-30 19:50:07,410:DEBUG:https://datos.cultura.gob.ar:443 "GET /dataset/37305de4-3cce-4d4b-9d9a-fec3ca61d09f/resource/4207def0-2ff7-41d5-9095-d42ae8207a5d/download/museos_datosabiertos.csv HTTP/1.1" 200 304431
2022-04-30 19:50:07,791:DEBUG:Starting new HTTPS connection (1): datos.cultura.gob.ar:443
2022-04-30 19:50:09,408:DEBUG:https://datos.cultura.gob.ar:443 "GET /dataset/37305de4-3cce-4d4b-9d9a-fec3ca61d09f/resource/392ce1a8-ef11-4776-b280-6f1c7fae16ae/download/cine.csv HTTP/1.1" 200 96427
2022-04-30 19:50:09,584:DEBUG:Starting new HTTPS connection (1): datos.cultura.gob.ar:443
2022-04-30 19:50:10,545:DEBUG:https://datos.cultura.gob.ar:443 "GET /dataset/37305de4-3cce-4d4b-9d9a-fec3ca61d09f/resource/01c6c048-dbeb-44e0-8efa-6944f73715d7/download/biblioteca_popular.csv HTTP/1.1" 200 None
2022-04-30 19:50:11,253:DEBUG:Los datos fueron recolectados con éxito
2022-04-30 19:50:11,318:DEBUG:La conexión al servidor fue exitosa
2022-04-30 19:50:11,318:DEBUG:Engine(postgresql://postgres:***@localhost/alkemydb)
2022-04-30 19:50:11,346:DEBUG:Tablas creadas exitosamente
2022-04-30 19:50:11,363:DEBUG:La tabla cines fue subido con éxito a la base de datos alkemydb
2022-04-30 19:50:11,442:DEBUG:La tabla datos_bibliotecas fue subido con éxito a la base de datos alkemydb
2022-04-30 19:50:11,490:DEBUG:La tabla datos_museos fue subido con éxito a la base de datos alkemydb
2022-04-30 19:50:11,514:DEBUG:La tabla datos_cines fue subido con éxito a la base de datos alkemydb
2022-04-30 19:50:11,532:DEBUG:La tabla datos_general fue subido con éxito a la base de datos alkemydb
2022-04-30 19:50:18,409:DEBUG:Starting new HTTPS connection (1): datos.cultura.gob.ar:443
2022-04-30 19:50:19,371:DEBUG:https://datos.cultura.gob.ar:443 "GET /dataset/37305de4-3cce-4d4b-9d9a-fec3ca61d09f/resource/4207def0-2ff7-41d5-9095-d42ae8207a5d/download/museos_datosabiertos.csv HTTP/1.1" 200 None
2022-04-30 19:50:19,979:DEBUG:Starting new HTTPS connection (1): datos.cultura.gob.ar:443
2022-04-30 19:50:21,037:DEBUG:https://datos.cultura.gob.ar:443 "GET /dataset/37305de4-3cce-4d4b-9d9a-fec3ca61d09f/resource/392ce1a8-ef11-4776-b280-6f1c7fae16ae/download/cine.csv HTTP/1.1" 200 96427
2022-04-30 19:50:21,211:DEBUG:Starting new HTTPS connection (1): datos.cultura.gob.ar:443
2022-04-30 19:50:22,156:DEBUG:https://datos.cultura.gob.ar:443 "GET /dataset/37305de4-3cce-4d4b-9d9a-fec3ca61d09f/resource/01c6c048-dbeb-44e0-8efa-6944f73715d7/download/biblioteca_popular.csv HTTP/1.1" 200 None
2022-04-30 19:50:22,816:DEBUG:Los datos fueron recolectados con éxito
2022-04-30 19:50:22,880:DEBUG:La conexión al servidor fue exitosa
2022-04-30 19:50:22,880:DEBUG:Engine(postgresql://postgres:***@localhost/alkemydb)
2022-04-30 19:50:22,908:DEBUG:Tablas creadas exitosamente
2022-04-30 19:50:22,925:DEBUG:La tabla cines fue subido con éxito a la base de datos alkemydb
2022-04-30 19:50:23,000:DEBUG:La tabla datos_bibliotecas fue subido con éxito a la base de datos alkemydb
2022-04-30 19:50:23,048:DEBUG:La tabla datos_museos fue subido con éxito a la base de datos alkemydb
2022-04-30 19:50:23,075:DEBUG:La tabla datos_cines fue subido con éxito a la base de datos alkemydb
2022-04-30 19:50:23,093:DEBUG:La tabla datos_general fue subido con éxito a la base de datos alkemydb
2022-04-30 19:50:58,478:DEBUG:Starting new HTTPS connection (1): datos.cultura.gob.ar:443
2022-04-30 19:51:00,054:DEBUG:https://datos.cultura.gob.ar:443 "GET /dataset/37305de4-3cce-4d4b-9d9a-fec3ca61d09f/resource/4207def0-2ff7-41d5-9095-d42ae8207a5d/download/museos_datosabiertos.csv HTTP/1.1" 200 304431
2022-04-30 19:51:00,547:DEBUG:Starting new HTTPS connection (1): datos.cultura.gob.ar:443
2022-04-30 19:51:02,161:DEBUG:https://datos.cultura.gob.ar:443 "GET /dataset/37305de4-3cce-4d4b-9d9a-fec3ca61d09f/resource/392ce1a8-ef11-4776-b280-6f1c7fae16ae/download/cine.csv HTTP/1.1" 200 96427
2022-04-30 19:51:02,354:DEBUG:Starting new HTTPS connection (1): datos.cultura.gob.ar:443
2022-04-30 19:51:03,423:DEBUG:https://datos.cultura.gob.ar:443 "GET /dataset/37305de4-3cce-4d4b-9d9a-fec3ca61d09f/resource/01c6c048-dbeb-44e0-8efa-6944f73715d7/download/biblioteca_popular.csv HTTP/1.1" 200 None
2022-04-30 19:51:03,983:DEBUG:Los datos fueron recolectados con éxito
2022-04-30 19:51:04,049:DEBUG:La conexión al servidor fue exitosa
2022-04-30 19:51:04,049:DEBUG:Engine(postgresql://postgres:***@localhost/alkemydb)
2022-04-30 19:51:04,078:DEBUG:Tablas creadas exitosamente
2022-04-30 19:51:04,096:DEBUG:La tabla cines fue subido con éxito a la base de datos alkemydb
2022-04-30 19:51:04,171:DEBUG:La tabla datos_bibliotecas fue subido con éxito a la base de datos alkemydb
2022-04-30 19:51:04,219:DEBUG:La tabla datos_museos fue subido con éxito a la base de datos alkemydb
2022-04-30 19:51:04,246:DEBUG:La tabla datos_cines fue subido con éxito a la base de datos alkemydb
2022-04-30 19:51:04,267:DEBUG:La tabla datos_general fue subido con éxito a la base de datos alkemydb
2022-04-30 19:51:29,541:DEBUG:Starting new HTTPS connection (1): datos.cultura.gob.ar:443
2022-04-30 19:51:31,139:DEBUG:https://datos.cultura.gob.ar:443 "GET /dataset/37305de4-3cce-4d4b-9d9a-fec3ca61d09f/resource/4207def0-2ff7-41d5-9095-d42ae8207a5d/download/museos_datosabiertos.csv HTTP/1.1" 200 None
2022-04-30 19:51:31,641:DEBUG:Starting new HTTPS connection (1): datos.cultura.gob.ar:443
2022-04-30 19:51:33,250:DEBUG:https://datos.cultura.gob.ar:443 "GET /dataset/37305de4-3cce-4d4b-9d9a-fec3ca61d09f/resource/392ce1a8-ef11-4776-b280-6f1c7fae16ae/download/cine.csv HTTP/1.1" 200 96427
2022-04-30 19:51:33,420:DEBUG:Starting new HTTPS connection (1): datos.cultura.gob.ar:443
2022-04-30 19:51:35,013:DEBUG:https://datos.cultura.gob.ar:443 "GET /dataset/37305de4-3cce-4d4b-9d9a-fec3ca61d09f/resource/01c6c048-dbeb-44e0-8efa-6944f73715d7/download/biblioteca_popular.csv HTTP/1.1" 200 None
2022-04-30 19:51:35,623:DEBUG:Los datos fueron recolectados con éxito
2022-04-30 19:51:35,689:DEBUG:La conexión al servidor fue exitosa
2022-04-30 19:51:35,689:DEBUG:Engine(postgresql://postgres:***@localhost/alkemydb)
2022-04-30 19:51:35,729:DEBUG:Tablas creadas exitosamente
2022-04-30 19:51:35,746:DEBUG:La tabla cines fue subido con éxito a la base de datos alkemydb
2022-04-30 19:51:35,821:DEBUG:La tabla datos_bibliotecas fue subido con éxito a la base de datos alkemydb
2022-04-30 19:51:35,865:DEBUG:La tabla datos_museos fue subido con éxito a la base de datos alkemydb
2022-04-30 19:51:35,888:DEBUG:La tabla datos_cines fue subido con éxito a la base de datos alkemydb
2022-04-30 19:51:35,901:DEBUG:La tabla datos_general fue subido con éxito a la base de datos alkemydb
2022-04-30 19:52:06,048:DEBUG:Starting new HTTPS connection (1): datos.cultura.gob.ar:443
2022-04-30 19:52:07,172:DEBUG:https://datos.cultura.gob.ar:443 "GET /dataset/37305de4-3cce-4d4b-9d9a-fec3ca61d09f/resource/4207def0-2ff7-41d5-9095-d42ae8207a5d/download/museos_datosabiertos.csv HTTP/1.1" 200 None
2022-04-30 19:52:07,678:DEBUG:Starting new HTTPS connection (1): datos.cultura.gob.ar:443
2022-04-30 19:52:09,247:DEBUG:https://datos.cultura.gob.ar:443 "GET /dataset/37305de4-3cce-4d4b-9d9a-fec3ca61d09f/resource/392ce1a8-ef11-4776-b280-6f1c7fae16ae/download/cine.csv HTTP/1.1" 200 96427
2022-04-30 19:52:09,428:DEBUG:Starting new HTTPS connection (1): datos.cultura.gob.ar:443
2022-04-30 19:52:11,042:DEBUG:https://datos.cultura.gob.ar:443 "GET /dataset/37305de4-3cce-4d4b-9d9a-fec3ca61d09f/resource/01c6c048-dbeb-44e0-8efa-6944f73715d7/download/biblioteca_popular.csv HTTP/1.1" 200 511527
2022-04-30 19:52:11,648:DEBUG:Los datos fueron recolectados con éxito
2022-04-30 19:52:11,713:DEBUG:La conexión al servidor fue exitosa
2022-04-30 19:52:11,714:DEBUG:Engine(postgresql://postgres:***@localhost/alkemydb)
2022-04-30 19:52:11,743:DEBUG:Tablas creadas exitosamente
2022-04-30 19:52:11,761:DEBUG:La tabla cines fue subido con éxito a la base de datos alkemydb
2022-04-30 19:52:11,834:DEBUG:La tabla datos_bibliotecas fue subido con éxito a la base de datos alkemydb
2022-04-30 19:52:11,882:DEBUG:La tabla datos_museos fue subido con éxito a la base de datos alkemydb
2022-04-30 19:52:11,914:DEBUG:La tabla datos_cines fue subido con éxito a la base de datos alkemydb
2022-04-30 19:52:11,926:DEBUG:La tabla datos_general fue subido con éxito a la base de datos alkemydb
2022-04-30 19:53:09,431:DEBUG:Starting new HTTPS connection (1): datos.cultura.gob.ar:443
2022-04-30 19:53:11,050:DEBUG:https://datos.cultura.gob.ar:443 "GET /dataset/37305de4-3cce-4d4b-9d9a-fec3ca61d09f/resource/4207def0-2ff7-41d5-9095-d42ae8207a5d/download/museos_datosabiertos.csv HTTP/1.1" 200 304431
2022-04-30 19:53:11,554:DEBUG:Starting new HTTPS connection (1): datos.cultura.gob.ar:443
2022-04-30 19:53:13,019:DEBUG:https://datos.cultura.gob.ar:443 "GET /dataset/37305de4-3cce-4d4b-9d9a-fec3ca61d09f/resource/392ce1a8-ef11-4776-b280-6f1c7fae16ae/download/cine.csv HTTP/1.1" 200 None
2022-04-30 19:53:13,321:DEBUG:Starting new HTTPS connection (1): datos.cultura.gob.ar:443
2022-04-30 19:53:14,916:DEBUG:https://datos.cultura.gob.ar:443 "GET /dataset/37305de4-3cce-4d4b-9d9a-fec3ca61d09f/resource/01c6c048-dbeb-44e0-8efa-6944f73715d7/download/biblioteca_popular.csv HTTP/1.1" 200 None
2022-04-30 19:53:15,467:DEBUG:Los datos fueron recolectados con éxito
2022-04-30 19:53:26,286:DEBUG:Starting new HTTPS connection (1): datos.cultura.gob.ar:443
2022-04-30 19:53:27,892:DEBUG:https://datos.cultura.gob.ar:443 "GET /dataset/37305de4-3cce-4d4b-9d9a-fec3ca61d09f/resource/4207def0-2ff7-41d5-9095-d42ae8207a5d/download/museos_datosabiertos.csv HTTP/1.1" 200 None
2022-04-30 19:53:28,359:DEBUG:Starting new HTTPS connection (1): datos.cultura.gob.ar:443
2022-04-30 19:53:29,919:DEBUG:https://datos.cultura.gob.ar:443 "GET /dataset/37305de4-3cce-4d4b-9d9a-fec3ca61d09f/resource/392ce1a8-ef11-4776-b280-6f1c7fae16ae/download/cine.csv HTTP/1.1" 200 96427
2022-04-30 19:53:30,092:DEBUG:Starting new HTTPS connection (1): datos.cultura.gob.ar:443
2022-04-30 19:53:31,678:DEBUG:https://datos.cultura.gob.ar:443 "GET /dataset/37305de4-3cce-4d4b-9d9a-fec3ca61d09f/resource/01c6c048-dbeb-44e0-8efa-6944f73715d7/download/biblioteca_popular.csv HTTP/1.1" 200 None
2022-04-30 19:53:32,419:DEBUG:Los datos fueron recolectados con éxito
2022-04-30 19:53:32,531:DEBUG:La conexión al servidor fue exitosa
2022-04-30 19:53:32,532:DEBUG:Engine(postgresql://postgres:***@localhost/alkemydb)
2022-04-30 19:53:32,562:DEBUG:Tablas creadas exitosamente
2022-04-30 19:53:32,580:DEBUG:La tabla cines fue subido con éxito a la base de datos alkemydb
2022-04-30 19:53:32,653:DEBUG:La tabla datos_bibliotecas fue subido con éxito a la base de datos alkemydb
2022-04-30 19:53:32,731:DEBUG:La tabla datos_museos fue subido con éxito a la base de datos alkemydb
2022-04-30 19:53:32,780:DEBUG:La tabla datos_cines fue subido con éxito a la base de datos alkemydb
2022-04-30 19:53:32,798:DEBUG:La tabla datos_general fue subido con éxito a la base de datos alkemydb
2022-04-30 19:53:57,234:DEBUG:Starting new HTTPS connection (1): datos.cultura.gob.ar:443
2022-04-30 19:53:58,860:DEBUG:https://datos.cultura.gob.ar:443 "GET /dataset/37305de4-3cce-4d4b-9d9a-fec3ca61d09f/resource/4207def0-2ff7-41d5-9095-d42ae8207a5d/download/museos_datosabiertos.csv HTTP/1.1" 200 304431
2022-04-30 19:53:59,274:DEBUG:Starting new HTTPS connection (1): datos.cultura.gob.ar:443
2022-04-30 19:54:00,885:DEBUG:https://datos.cultura.gob.ar:443 "GET /dataset/37305de4-3cce-4d4b-9d9a-fec3ca61d09f/resource/392ce1a8-ef11-4776-b280-6f1c7fae16ae/download/cine.csv HTTP/1.1" 200 96427
2022-04-30 19:54:01,062:DEBUG:Starting new HTTPS connection (1): datos.cultura.gob.ar:443
2022-04-30 19:54:02,664:DEBUG:https://datos.cultura.gob.ar:443 "GET /dataset/37305de4-3cce-4d4b-9d9a-fec3ca61d09f/resource/01c6c048-dbeb-44e0-8efa-6944f73715d7/download/biblioteca_popular.csv HTTP/1.1" 200 511527
2022-04-30 19:54:03,225:DEBUG:Los datos fueron recolectados con éxito
2022-04-30 19:54:03,337:DEBUG:La conexión al servidor fue exitosa
2022-04-30 19:54:03,337:DEBUG:Engine(postgresql://postgres:***@localhost/alkemydb)
2022-04-30 19:54:03,371:DEBUG:Tablas creadas exitosamente
2022-04-30 19:54:03,388:DEBUG:La tabla cines fue subido con éxito a la base de datos alkemydb
2022-04-30 19:54:03,465:DEBUG:La tabla datos_bibliotecas fue subido con éxito a la base de datos alkemydb
2022-04-30 19:54:03,538:DEBUG:La tabla datos_museos fue subido con éxito a la base de datos alkemydb
2022-04-30 19:54:03,591:DEBUG:La tabla datos_cines fue subido con éxito a la base de datos alkemydb
2022-04-30 19:54:03,610:DEBUG:La tabla datos_general fue subido con éxito a la base de datos alkemydb
2022-04-30 19:54:37,503:DEBUG:Starting new HTTPS connection (1): datos.cultura.gob.ar:443
2022-04-30 19:54:39,131:DEBUG:https://datos.cultura.gob.ar:443 "GET /dataset/37305de4-3cce-4d4b-9d9a-fec3ca61d09f/resource/4207def0-2ff7-41d5-9095-d42ae8207a5d/download/museos_datosabiertos.csv HTTP/1.1" 200 None
2022-04-30 19:54:39,628:DEBUG:Starting new HTTPS connection (1): datos.cultura.gob.ar:443
2022-04-30 19:54:41,432:DEBUG:https://datos.cultura.gob.ar:443 "GET /dataset/37305de4-3cce-4d4b-9d9a-fec3ca61d09f/resource/392ce1a8-ef11-4776-b280-6f1c7fae16ae/download/cine.csv HTTP/1.1" 200 96427
2022-04-30 19:54:41,613:DEBUG:Starting new HTTPS connection (1): datos.cultura.gob.ar:443
2022-04-30 19:54:42,708:DEBUG:https://datos.cultura.gob.ar:443 "GET /dataset/37305de4-3cce-4d4b-9d9a-fec3ca61d09f/resource/01c6c048-dbeb-44e0-8efa-6944f73715d7/download/biblioteca_popular.csv HTTP/1.1" 200 None
2022-04-30 19:54:43,288:DEBUG:Los datos fueron recolectados con éxito
2022-04-30 19:54:43,400:DEBUG:La conexión al servidor fue exitosa
2022-04-30 19:54:43,400:DEBUG:Engine(postgresql://postgres:***@localhost/alkemydb)
2022-04-30 19:54:43,432:DEBUG:Tablas creadas exitosamente
2022-04-30 19:54:43,450:DEBUG:La tabla cines fue subido con éxito a la base de datos alkemydb
2022-04-30 19:54:43,524:DEBUG:La tabla datos_bibliotecas fue subido con éxito a la base de datos alkemydb
2022-04-30 19:54:43,608:DEBUG:La tabla datos_museos fue subido con éxito a la base de datos alkemydb
2022-04-30 19:54:43,652:DEBUG:La tabla datos_cines fue subido con éxito a la base de datos alkemydb
2022-04-30 19:54:43,665:DEBUG:La tabla datos_general fue subido con éxito a la base de datos alkemydb
2022-04-30 19:55:09,940:DEBUG:Starting new HTTPS connection (1): datos.cultura.gob.ar:443
2022-04-30 19:55:11,548:DEBUG:https://datos.cultura.gob.ar:443 "GET /dataset/37305de4-3cce-4d4b-9d9a-fec3ca61d09f/resource/4207def0-2ff7-41d5-9095-d42ae8207a5d/download/museos_datosabiertos.csv HTTP/1.1" 200 304431
2022-04-30 19:55:12,086:DEBUG:Starting new HTTPS connection (1): datos.cultura.gob.ar:443
2022-04-30 19:55:13,650:DEBUG:https://datos.cultura.gob.ar:443 "GET /dataset/37305de4-3cce-4d4b-9d9a-fec3ca61d09f/resource/392ce1a8-ef11-4776-b280-6f1c7fae16ae/download/cine.csv HTTP/1.1" 200 96427
2022-04-30 19:55:13,859:DEBUG:Starting new HTTPS connection (1): datos.cultura.gob.ar:443
2022-04-30 19:55:15,450:DEBUG:https://datos.cultura.gob.ar:443 "GET /dataset/37305de4-3cce-4d4b-9d9a-fec3ca61d09f/resource/01c6c048-dbeb-44e0-8efa-6944f73715d7/download/biblioteca_popular.csv HTTP/1.1" 200 None
2022-04-30 19:55:16,026:DEBUG:Los datos fueron recolectados con éxito
2022-04-30 19:55:46,064:DEBUG:Starting new HTTPS connection (1): datos.cultura.gob.ar:443
2022-04-30 19:55:54,927:DEBUG:https://datos.cultura.gob.ar:443 "GET /dataset/37305de4-3cce-4d4b-9d9a-fec3ca61d09f/resource/4207def0-2ff7-41d5-9095-d42ae8207a5d/download/museos_datosabiertos.csv HTTP/1.1" 200 None
2022-04-30 19:55:55,518:DEBUG:Starting new HTTPS connection (1): datos.cultura.gob.ar:443
2022-04-30 19:55:57,288:DEBUG:https://datos.cultura.gob.ar:443 "GET /dataset/37305de4-3cce-4d4b-9d9a-fec3ca61d09f/resource/392ce1a8-ef11-4776-b280-6f1c7fae16ae/download/cine.csv HTTP/1.1" 200 96427
2022-04-30 19:55:57,473:DEBUG:Starting new HTTPS connection (1): datos.cultura.gob.ar:443
2022-04-30 19:55:58,937:DEBUG:https://datos.cultura.gob.ar:443 "GET /dataset/37305de4-3cce-4d4b-9d9a-fec3ca61d09f/resource/01c6c048-dbeb-44e0-8efa-6944f73715d7/download/biblioteca_popular.csv HTTP/1.1" 200 None
2022-04-30 19:55:59,689:DEBUG:Los datos fueron recolectados con éxito
2022-04-30 19:56:17,639:DEBUG:Starting new HTTPS connection (1): datos.cultura.gob.ar:443
2022-04-30 19:56:19,241:DEBUG:https://datos.cultura.gob.ar:443 "GET /dataset/37305de4-3cce-4d4b-9d9a-fec3ca61d09f/resource/4207def0-2ff7-41d5-9095-d42ae8207a5d/download/museos_datosabiertos.csv HTTP/1.1" 200 304431
2022-04-30 19:56:19,621:DEBUG:Starting new HTTPS connection (1): datos.cultura.gob.ar:443
2022-04-30 19:56:21,208:DEBUG:https://datos.cultura.gob.ar:443 "GET /dataset/37305de4-3cce-4d4b-9d9a-fec3ca61d09f/resource/392ce1a8-ef11-4776-b280-6f1c7fae16ae/download/cine.csv HTTP/1.1" 200 96427
2022-04-30 19:56:21,383:DEBUG:Starting new HTTPS connection (1): datos.cultura.gob.ar:443
2022-04-30 19:56:22,440:DEBUG:https://datos.cultura.gob.ar:443 "GET /dataset/37305de4-3cce-4d4b-9d9a-fec3ca61d09f/resource/01c6c048-dbeb-44e0-8efa-6944f73715d7/download/biblioteca_popular.csv HTTP/1.1" 200 None
2022-04-30 19:56:22,993:DEBUG:Los datos fueron recolectados con éxito
2022-04-30 19:56:33,289:DEBUG:Starting new HTTPS connection (1): datos.cultura.gob.ar:443
2022-04-30 19:56:34,301:DEBUG:https://datos.cultura.gob.ar:443 "GET /dataset/37305de4-3cce-4d4b-9d9a-fec3ca61d09f/resource/4207def0-2ff7-41d5-9095-d42ae8207a5d/download/museos_datosabiertos.csv HTTP/1.1" 200 None
2022-04-30 19:56:34,923:DEBUG:Starting new HTTPS connection (1): datos.cultura.gob.ar:443
2022-04-30 19:56:36,035:DEBUG:https://datos.cultura.gob.ar:443 "GET /dataset/37305de4-3cce-4d4b-9d9a-fec3ca61d09f/resource/392ce1a8-ef11-4776-b280-6f1c7fae16ae/download/cine.csv HTTP/1.1" 200 96427
2022-04-30 19:56:36,218:DEBUG:Starting new HTTPS connection (1): datos.cultura.gob.ar:443
2022-04-30 19:56:38,050:DEBUG:https://datos.cultura.gob.ar:443 "GET /dataset/37305de4-3cce-4d4b-9d9a-fec3ca61d09f/resource/01c6c048-dbeb-44e0-8efa-6944f73715d7/download/biblioteca_popular.csv HTTP/1.1" 200 None
2022-04-30 19:56:38,661:DEBUG:Los datos fueron recolectados con éxito
2022-04-30 19:56:38,728:DEBUG:La conexión al servidor fue exitosa
2022-04-30 19:56:38,728:DEBUG:Engine(postgresql://postgres:***@localhost/alkemydb)
2022-04-30 19:56:38,756:DEBUG:Tablas creadas exitosamente
2022-04-30 19:56:38,775:DEBUG:La tabla cines fue subido con éxito a la base de datos alkemydb
2022-04-30 19:56:38,851:DEBUG:La tabla datos_bibliotecas fue subido con éxito a la base de datos alkemydb
2022-04-30 19:56:38,900:DEBUG:La tabla datos_museos fue subido con éxito a la base de datos alkemydb
2022-04-30 19:56:38,933:DEBUG:La tabla datos_cines fue subido con éxito a la base de datos alkemydb
2022-04-30 19:56:38,946:DEBUG:La tabla datos_general fue subido con éxito a la base de datos alkemydb
2022-04-30 19:56:49,906:DEBUG:Starting new HTTPS connection (1): datos.cultura.gob.ar:443
2022-04-30 19:56:51,053:DEBUG:https://datos.cultura.gob.ar:443 "GET /dataset/37305de4-3cce-4d4b-9d9a-fec3ca61d09f/resource/4207def0-2ff7-41d5-9095-d42ae8207a5d/download/museos_datosabiertos.csv HTTP/1.1" 200 None
2022-04-30 19:56:51,542:DEBUG:Starting new HTTPS connection (1): datos.cultura.gob.ar:443
2022-04-30 19:56:53,158:DEBUG:https://datos.cultura.gob.ar:443 "GET /dataset/37305de4-3cce-4d4b-9d9a-fec3ca61d09f/resource/392ce1a8-ef11-4776-b280-6f1c7fae16ae/download/cine.csv HTTP/1.1" 200 96427
2022-04-30 19:56:53,347:DEBUG:Starting new HTTPS connection (1): datos.cultura.gob.ar:443
2022-04-30 19:56:54,950:DEBUG:https://datos.cultura.gob.ar:443 "GET /dataset/37305de4-3cce-4d4b-9d9a-fec3ca61d09f/resource/01c6c048-dbeb-44e0-8efa-6944f73715d7/download/biblioteca_popular.csv HTTP/1.1" 200 None
2022-04-30 19:56:55,619:DEBUG:Los datos fueron recolectados con éxito
2022-04-30 19:56:55,685:DEBUG:La conexión al servidor fue exitosa
2022-04-30 19:56:55,685:DEBUG:Engine(postgresql://postgres:***@localhost/alkemydb)
2022-04-30 19:56:55,713:DEBUG:Tablas creadas exitosamente
2022-04-30 19:56:55,732:DEBUG:La tabla cines fue subido con éxito a la base de datos alkemydb
2022-04-30 19:56:55,811:DEBUG:La tabla datos_bibliotecas fue subido con éxito a la base de datos alkemydb
2022-04-30 19:56:55,860:DEBUG:La tabla datos_museos fue subido con éxito a la base de datos alkemydb
2022-04-30 19:56:55,882:DEBUG:La tabla datos_cines fue subido con éxito a la base de datos alkemydb
2022-04-30 19:56:55,895:DEBUG:La tabla datos_general fue subido con éxito a la base de datos alkemydb
2022-04-30 19:57:47,883:DEBUG:Starting new HTTPS connection (1): datos.cultura.gob.ar:443
2022-04-30 19:57:48,989:DEBUG:https://datos.cultura.gob.ar:443 "GET /dataset/37305de4-3cce-4d4b-9d9a-fec3ca61d09f/resource/4207def0-2ff7-41d5-9095-d42ae8207a5d/download/museos_datosabiertos.csv HTTP/1.1" 200 304431
2022-04-30 19:57:49,426:DEBUG:Starting new HTTPS connection (1): datos.cultura.gob.ar:443
2022-04-30 19:57:50,517:DEBUG:https://datos.cultura.gob.ar:443 "GET /dataset/37305de4-3cce-4d4b-9d9a-fec3ca61d09f/resource/392ce1a8-ef11-4776-b280-6f1c7fae16ae/download/cine.csv HTTP/1.1" 200 96427
2022-04-30 19:57:50,689:DEBUG:Starting new HTTPS connection (1): datos.cultura.gob.ar:443
2022-04-30 19:57:52,288:DEBUG:https://datos.cultura.gob.ar:443 "GET /dataset/37305de4-3cce-4d4b-9d9a-fec3ca61d09f/resource/01c6c048-dbeb-44e0-8efa-6944f73715d7/download/biblioteca_popular.csv HTTP/1.1" 200 511527
2022-04-30 19:57:52,907:DEBUG:Los datos fueron recolectados con éxito
2022-04-30 19:57:52,973:DEBUG:La conexión al servidor fue exitosa
2022-04-30 19:57:52,973:DEBUG:Engine(postgresql://postgres:***@localhost/alkemydb)
2022-04-30 19:57:53,001:DEBUG:Tablas creadas exitosamente
2022-04-30 19:57:53,019:DEBUG:La tabla cines fue subido con éxito a la base de datos alkemydb
2022-04-30 19:57:53,093:DEBUG:La tabla datos_bibliotecas fue subido con éxito a la base de datos alkemydb
2022-04-30 19:57:53,141:DEBUG:La tabla datos_museos fue subido con éxito a la base de datos alkemydb
2022-04-30 19:57:53,172:DEBUG:La tabla datos_cines fue subido con éxito a la base de datos alkemydb
2022-04-30 19:57:53,190:DEBUG:La tabla datos_general fue subido con éxito a la base de datos alkemydb
2022-04-30 19:58:16,424:DEBUG:Starting new HTTPS connection (1): datos.cultura.gob.ar:443
2022-04-30 19:58:18,066:DEBUG:https://datos.cultura.gob.ar:443 "GET /dataset/37305de4-3cce-4d4b-9d9a-fec3ca61d09f/resource/4207def0-2ff7-41d5-9095-d42ae8207a5d/download/museos_datosabiertos.csv HTTP/1.1" 200 304431
2022-04-30 19:58:18,567:DEBUG:Starting new HTTPS connection (1): datos.cultura.gob.ar:443
2022-04-30 19:58:20,184:DEBUG:https://datos.cultura.gob.ar:443 "GET /dataset/37305de4-3cce-4d4b-9d9a-fec3ca61d09f/resource/392ce1a8-ef11-4776-b280-6f1c7fae16ae/download/cine.csv HTTP/1.1" 200 96427
2022-04-30 19:58:20,370:DEBUG:Starting new HTTPS connection (1): datos.cultura.gob.ar:443
2022-04-30 19:58:21,432:DEBUG:https://datos.cultura.gob.ar:443 "GET /dataset/37305de4-3cce-4d4b-9d9a-fec3ca61d09f/resource/01c6c048-dbeb-44e0-8efa-6944f73715d7/download/biblioteca_popular.csv HTTP/1.1" 200 None
2022-04-30 19:58:21,966:DEBUG:Los datos fueron recolectados con éxito
2022-04-30 19:58:22,031:DEBUG:La conexión al servidor fue exitosa
2022-04-30 19:58:22,031:DEBUG:Engine(postgresql://postgres:***@localhost/alkemydb)
2022-04-30 19:58:22,062:DEBUG:Tablas creadas exitosamente
2022-04-30 19:58:22,080:DEBUG:La tabla cines fue subido con éxito a la base de datos alkemydb
2022-04-30 19:58:22,153:DEBUG:La tabla datos_bibliotecas fue subido con éxito a la base de datos alkemydb
2022-04-30 19:58:22,202:DEBUG:La tabla datos_museos fue subido con éxito a la base de datos alkemydb
2022-04-30 19:58:22,230:DEBUG:La tabla datos_cines fue subido con éxito a la base de datos alkemydb
2022-04-30 19:58:22,250:DEBUG:La tabla datos_general fue subido con éxito a la base de datos alkemydb
2022-04-30 19:58:41,747:DEBUG:Starting new HTTPS connection (1): datos.cultura.gob.ar:443
2022-04-30 19:58:42,847:DEBUG:https://datos.cultura.gob.ar:443 "GET /dataset/37305de4-3cce-4d4b-9d9a-fec3ca61d09f/resource/4207def0-2ff7-41d5-9095-d42ae8207a5d/download/museos_datosabiertos.csv HTTP/1.1" 200 304431
2022-04-30 19:58:43,301:DEBUG:Starting new HTTPS connection (1): datos.cultura.gob.ar:443
2022-04-30 19:58:44,884:DEBUG:https://datos.cultura.gob.ar:443 "GET /dataset/37305de4-3cce-4d4b-9d9a-fec3ca61d09f/resource/392ce1a8-ef11-4776-b280-6f1c7fae16ae/download/cine.csv HTTP/1.1" 200 96427
2022-04-30 19:58:45,051:DEBUG:Starting new HTTPS connection (1): datos.cultura.gob.ar:443
2022-04-30 19:58:46,151:DEBUG:https://datos.cultura.gob.ar:443 "GET /dataset/37305de4-3cce-4d4b-9d9a-fec3ca61d09f/resource/01c6c048-dbeb-44e0-8efa-6944f73715d7/download/biblioteca_popular.csv HTTP/1.1" 200 511527
2022-04-30 19:58:46,807:DEBUG:Los datos fueron recolectados con éxito
2022-04-30 19:58:46,875:DEBUG:La conexión al servidor fue exitosa
2022-04-30 19:58:46,875:DEBUG:Engine(postgresql://postgres:***@localhost/alkemydb)
2022-04-30 19:58:46,904:DEBUG:Tablas creadas exitosamente
2022-04-30 19:58:46,922:DEBUG:La tabla cines fue subido con éxito a la base de datos alkemydb
2022-04-30 19:58:47,004:DEBUG:La tabla datos_bibliotecas fue subido con éxito a la base de datos alkemydb
2022-04-30 19:58:47,050:DEBUG:La tabla datos_museos fue subido con éxito a la base de datos alkemydb
2022-04-30 19:58:47,078:DEBUG:La tabla datos_cines fue subido con éxito a la base de datos alkemydb
2022-04-30 19:58:47,094:DEBUG:La tabla datos_general fue subido con éxito a la base de datos alkemydb
2022-04-30 19:58:53,649:DEBUG:Starting new HTTPS connection (1): datos.cultura.gob.ar:443
2022-04-30 19:58:55,215:DEBUG:https://datos.cultura.gob.ar:443 "GET /dataset/37305de4-3cce-4d4b-9d9a-fec3ca61d09f/resource/4207def0-2ff7-41d5-9095-d42ae8207a5d/download/museos_datosabiertos.csv HTTP/1.1" 200 304431
2022-04-30 19:58:55,699:DEBUG:Starting new HTTPS connection (1): datos.cultura.gob.ar:443
2022-04-30 19:58:57,302:DEBUG:https://datos.cultura.gob.ar:443 "GET /dataset/37305de4-3cce-4d4b-9d9a-fec3ca61d09f/resource/392ce1a8-ef11-4776-b280-6f1c7fae16ae/download/cine.csv HTTP/1.1" 200 96427
2022-04-30 19:58:57,480:DEBUG:Starting new HTTPS connection (1): datos.cultura.gob.ar:443
2022-04-30 19:58:59,079:DEBUG:https://datos.cultura.gob.ar:443 "GET /dataset/37305de4-3cce-4d4b-9d9a-fec3ca61d09f/resource/01c6c048-dbeb-44e0-8efa-6944f73715d7/download/biblioteca_popular.csv HTTP/1.1" 200 511527
2022-04-30 19:58:59,741:DEBUG:Los datos fueron recolectados con éxito
2022-04-30 19:58:59,805:DEBUG:La conexión al servidor fue exitosa
2022-04-30 19:58:59,805:DEBUG:Engine(postgresql://postgres:***@localhost/alkemydb)
2022-04-30 19:58:59,834:DEBUG:Tablas creadas exitosamente
2022-04-30 19:58:59,852:DEBUG:La tabla cines fue subido con éxito a la base de datos alkemydb
2022-04-30 19:58:59,931:DEBUG:La tabla datos_bibliotecas fue subido con éxito a la base de datos alkemydb
2022-04-30 19:58:59,976:DEBUG:La tabla datos_museos fue subido con éxito a la base de datos alkemydb
2022-04-30 19:59:00,008:DEBUG:La tabla datos_cines fue subido con éxito a la base de datos alkemydb
2022-04-30 19:59:00,020:DEBUG:La tabla datos_general fue subido con éxito a la base de datos alkemydb
2022-04-30 20:00:08,714:DEBUG:Starting new HTTPS connection (1): datos.cultura.gob.ar:443
2022-04-30 20:00:10,319:DEBUG:https://datos.cultura.gob.ar:443 "GET /dataset/37305de4-3cce-4d4b-9d9a-fec3ca61d09f/resource/4207def0-2ff7-41d5-9095-d42ae8207a5d/download/museos_datosabiertos.csv HTTP/1.1" 200 304431
2022-04-30 20:00:10,814:DEBUG:Starting new HTTPS connection (1): datos.cultura.gob.ar:443
2022-04-30 20:00:12,402:DEBUG:https://datos.cultura.gob.ar:443 "GET /dataset/37305de4-3cce-4d4b-9d9a-fec3ca61d09f/resource/392ce1a8-ef11-4776-b280-6f1c7fae16ae/download/cine.csv HTTP/1.1" 200 None
2022-04-30 20:00:12,576:DEBUG:Starting new HTTPS connection (1): datos.cultura.gob.ar:443
2022-04-30 20:00:14,039:DEBUG:https://datos.cultura.gob.ar:443 "GET /dataset/37305de4-3cce-4d4b-9d9a-fec3ca61d09f/resource/01c6c048-dbeb-44e0-8efa-6944f73715d7/download/biblioteca_popular.csv HTTP/1.1" 200 None
2022-04-30 20:00:14,707:DEBUG:Los datos fueron recolectados con éxito
2022-04-30 20:00:14,775:DEBUG:La conexión al servidor fue exitosa
2022-04-30 20:00:14,775:DEBUG:Engine(postgresql://postgres:***@localhost/alkemydb)
2022-04-30 20:00:14,804:DEBUG:Tablas creadas exitosamente
2022-04-30 20:00:14,823:DEBUG:La tabla cines fue subido con éxito a la base de datos alkemydb
2022-04-30 20:00:14,898:DEBUG:La tabla datos_bibliotecas fue subido con éxito a la base de datos alkemydb
2022-04-30 20:00:14,959:DEBUG:La tabla datos_museos fue subido con éxito a la base de datos alkemydb
2022-04-30 20:00:14,985:DEBUG:La tabla datos_cines fue subido con éxito a la base de datos alkemydb
2022-04-30 20:00:15,003:DEBUG:La tabla datos_general fue subido con éxito a la base de datos alkemydb
2022-04-30 20:00:24,433:DEBUG:Starting new HTTPS connection (1): datos.cultura.gob.ar:443
2022-04-30 20:00:25,400:DEBUG:https://datos.cultura.gob.ar:443 "GET /dataset/37305de4-3cce-4d4b-9d9a-fec3ca61d09f/resource/4207def0-2ff7-41d5-9095-d42ae8207a5d/download/museos_datosabiertos.csv HTTP/1.1" 200 None
2022-04-30 20:00:26,043:DEBUG:Starting new HTTPS connection (1): datos.cultura.gob.ar:443
2022-04-30 20:00:27,636:DEBUG:https://datos.cultura.gob.ar:443 "GET /dataset/37305de4-3cce-4d4b-9d9a-fec3ca61d09f/resource/392ce1a8-ef11-4776-b280-6f1c7fae16ae/download/cine.csv HTTP/1.1" 200 96427
2022-04-30 20:00:27,816:DEBUG:Starting new HTTPS connection (1): datos.cultura.gob.ar:443
2022-04-30 20:00:28,883:DEBUG:https://datos.cultura.gob.ar:443 "GET /dataset/37305de4-3cce-4d4b-9d9a-fec3ca61d09f/resource/01c6c048-dbeb-44e0-8efa-6944f73715d7/download/biblioteca_popular.csv HTTP/1.1" 200 None
2022-04-30 20:00:29,465:DEBUG:Los datos fueron recolectados con éxito
2022-04-30 20:00:29,531:DEBUG:La conexión al servidor fue exitosa
2022-04-30 20:00:29,531:DEBUG:Engine(postgresql://postgres:***@localhost/alkemydb)
2022-04-30 20:00:29,559:DEBUG:Tablas creadas exitosamente
2022-04-30 20:00:29,577:DEBUG:La tabla cines fue subido con éxito a la base de datos alkemydb
2022-04-30 20:00:29,652:DEBUG:La tabla datos_bibliotecas fue subido con éxito a la base de datos alkemydb
2022-04-30 20:00:29,700:DEBUG:La tabla datos_museos fue subido con éxito a la base de datos alkemydb
2022-04-30 20:00:29,733:DEBUG:La tabla datos_cines fue subido con éxito a la base de datos alkemydb
2022-04-30 20:00:29,746:DEBUG:La tabla datos_general fue subido con éxito a la base de datos alkemydb
2022-04-30 20:00:39,008:DEBUG:Starting new HTTPS connection (1): datos.cultura.gob.ar:443
2022-04-30 20:00:40,102:DEBUG:https://datos.cultura.gob.ar:443 "GET /dataset/37305de4-3cce-4d4b-9d9a-fec3ca61d09f/resource/4207def0-2ff7-41d5-9095-d42ae8207a5d/download/museos_datosabiertos.csv HTTP/1.1" 200 304431
2022-04-30 20:00:40,619:DEBUG:Starting new HTTPS connection (1): datos.cultura.gob.ar:443
2022-04-30 20:00:42,234:DEBUG:https://datos.cultura.gob.ar:443 "GET /dataset/37305de4-3cce-4d4b-9d9a-fec3ca61d09f/resource/392ce1a8-ef11-4776-b280-6f1c7fae16ae/download/cine.csv HTTP/1.1" 200 96427
2022-04-30 20:00:42,409:DEBUG:Starting new HTTPS connection (1): datos.cultura.gob.ar:443
2022-04-30 20:00:44,027:DEBUG:https://datos.cultura.gob.ar:443 "GET /dataset/37305de4-3cce-4d4b-9d9a-fec3ca61d09f/resource/01c6c048-dbeb-44e0-8efa-6944f73715d7/download/biblioteca_popular.csv HTTP/1.1" 200 511527
2022-04-30 20:00:44,622:DEBUG:Los datos fueron recolectados con éxito
2022-04-30 20:00:44,688:DEBUG:La conexión al servidor fue exitosa
2022-04-30 20:00:44,688:DEBUG:Engine(postgresql://postgres:***@localhost/alkemydb)
2022-04-30 20:00:44,716:DEBUG:Tablas creadas exitosamente
2022-04-30 20:00:44,733:DEBUG:La tabla cines fue subido con éxito a la base de datos alkemydb
2022-04-30 20:00:44,812:DEBUG:La tabla datos_bibliotecas fue subido con éxito a la base de datos alkemydb
2022-04-30 20:00:44,860:DEBUG:La tabla datos_museos fue subido con éxito a la base de datos alkemydb
2022-04-30 20:00:44,888:DEBUG:La tabla datos_cines fue subido con éxito a la base de datos alkemydb
2022-04-30 20:00:44,905:DEBUG:La tabla datos_general fue subido con éxito a la base de datos alkemydb
